Component: ARM Compiler 6.16 Tool: armlink [5dfeaa00]

==============================================================================

Section Cross References

    startup_stm32f427xx.o(STACK) refers (Special) to heapauxi.o(.text) for __use_two_region_memory
    startup_stm32f427xx.o(HEAP) refers (Special) to heapauxi.o(.text) for __use_two_region_memory
    startup_stm32f427xx.o(RESET) refers (Special) to heapauxi.o(.text) for __use_two_region_memory
    startup_stm32f427xx.o(RESET) refers to startup_stm32f427xx.o(STACK) for __initial_sp
    startup_stm32f427xx.o(RESET) refers to startup_stm32f427xx.o(.text) for Reset_Handler
    startup_stm32f427xx.o(RESET) refers to stm32f4xx_it.o(.text.NMI_Handler) for NMI_Handler
    startup_stm32f427xx.o(RESET) refers to stm32f4xx_it.o(.text.HardFault_Handler) for HardFault_Handler
    startup_stm32f427xx.o(RESET) refers to stm32f4xx_it.o(.text.MemManage_Handler) for MemManage_Handler
    startup_stm32f427xx.o(RESET) refers to stm32f4xx_it.o(.text.BusFault_Handler) for BusFault_Handler
    startup_stm32f427xx.o(RESET) refers to stm32f4xx_it.o(.text.UsageFault_Handler) for UsageFault_Handler
    startup_stm32f427xx.o(RESET) refers to port.o(.text.SVC_Handler) for SVC_Handler
    startup_stm32f427xx.o(RESET) refers to stm32f4xx_it.o(.text.DebugMon_Handler) for DebugMon_Handler
    startup_stm32f427xx.o(RESET) refers to port.o(.text.PendSV_Handler) for PendSV_Handler
    startup_stm32f427xx.o(RESET) refers to cmsis_os2.o(.text.SysTick_Handler) for SysTick_Handler
    startup_stm32f427xx.o(RESET) refers to stm32f4xx_it.o(.text.DMA1_Stream0_IRQHandler) for DMA1_Stream0_IRQHandler
    startup_stm32f427xx.o(RESET) refers to stm32f4xx_it.o(.text.DMA1_Stream1_IRQHandler) for DMA1_Stream1_IRQHandler
    startup_stm32f427xx.o(RESET) refers to stm32f4xx_it.o(.text.DMA1_Stream2_IRQHandler) for DMA1_Stream2_IRQHandler
    startup_stm32f427xx.o(RESET) refers to stm32f4xx_it.o(.text.DMA1_Stream3_IRQHandler) for DMA1_Stream3_IRQHandler
    startup_stm32f427xx.o(RESET) refers to stm32f4xx_it.o(.text.DMA1_Stream4_IRQHandler) for DMA1_Stream4_IRQHandler
    startup_stm32f427xx.o(RESET) refers to stm32f4xx_it.o(.text.DMA1_Stream6_IRQHandler) for DMA1_Stream6_IRQHandler
    startup_stm32f427xx.o(RESET) refers to stm32f4xx_it.o(.text.CAN1_TX_IRQHandler) for CAN1_TX_IRQHandler
    startup_stm32f427xx.o(RESET) refers to stm32f4xx_it.o(.text.CAN1_RX0_IRQHandler) for CAN1_RX0_IRQHandler
    startup_stm32f427xx.o(RESET) refers to stm32f4xx_it.o(.text.TIM8_TRG_COM_TIM14_IRQHandler) for TIM8_TRG_COM_TIM14_IRQHandler
    startup_stm32f427xx.o(RESET) refers to stm32f4xx_it.o(.text.DMA1_Stream7_IRQHandler) for DMA1_Stream7_IRQHandler
    startup_stm32f427xx.o(RESET) refers to stm32f4xx_it.o(.text.TIM6_DAC_IRQHandler) for TIM6_DAC_IRQHandler
    startup_stm32f427xx.o(RESET) refers to stm32f4xx_it.o(.text.DMA2_Stream1_IRQHandler) for DMA2_Stream1_IRQHandler
    startup_stm32f427xx.o(RESET) refers to stm32f4xx_it.o(.text.DMA2_Stream2_IRQHandler) for DMA2_Stream2_IRQHandler
    startup_stm32f427xx.o(RESET) refers to stm32f4xx_it.o(.text.DMA2_Stream4_IRQHandler) for DMA2_Stream4_IRQHandler
    startup_stm32f427xx.o(RESET) refers to stm32f4xx_it.o(.text.DMA2_Stream6_IRQHandler) for DMA2_Stream6_IRQHandler
    startup_stm32f427xx.o(RESET) refers to stm32f4xx_it.o(.text.DMA2_Stream7_IRQHandler) for DMA2_Stream7_IRQHandler
    startup_stm32f427xx.o(.text) refers (Special) to heapauxi.o(.text) for __use_two_region_memory
    startup_stm32f427xx.o(.text) refers to system_stm32f4xx.o(.text.SystemInit) for SystemInit
    startup_stm32f427xx.o(.text) refers to __main.o(!!!main) for __main
    startup_stm32f427xx.o(.text) refers to startup_stm32f427xx.o(HEAP) for Heap_Mem
    startup_stm32f427xx.o(.text) refers to startup_stm32f427xx.o(STACK) for Stack_Mem
    main.o(.text.main) refers to stm32f4xx_hal.o(.text.HAL_Init) for HAL_Init
    main.o(.text.main) refers to main.o(.text.SystemClock_Config) for SystemClock_Config
    main.o(.text.main) refers to gpio.o(.text.MX_GPIO_Init) for MX_GPIO_Init
    main.o(.text.main) refers to dma.o(.text.MX_DMA_Init) for MX_DMA_Init
    main.o(.text.main) refers to tim.o(.text.MX_TIM5_Init) for MX_TIM5_Init
    main.o(.text.main) refers to tim.o(.text.MX_TIM8_Init) for MX_TIM8_Init
    main.o(.text.main) refers to tim.o(.text.MX_TIM2_Init) for MX_TIM2_Init
    main.o(.text.main) refers to tim.o(.text.MX_TIM4_Init) for MX_TIM4_Init
    main.o(.text.main) refers to tim.o(.text.MX_TIM1_Init) for MX_TIM1_Init
    main.o(.text.main) refers to usart.o(.text.MX_USART3_UART_Init) for MX_USART3_UART_Init
    main.o(.text.main) refers to can.o(.text.MX_CAN1_Init) for MX_CAN1_Init
    main.o(.text.main) refers to rng.o(.text.MX_RNG_Init) for MX_RNG_Init
    main.o(.text.main) refers to tim.o(.text.MX_TIM6_Init) for MX_TIM6_Init
    main.o(.text.main) refers to crc.o(.text.MX_CRC_Init) for MX_CRC_Init
    main.o(.text.main) refers to tim.o(.bss.htim6) for htim6
[...]
    _dmul                                    0x0800c69d   Thumb Code   332  dmul.o(x$fpl$dmul)
    __fpl_dnaninf                            0x0800c7f1   Thumb Code   156  dnaninf.o(x$fpl$dnaninf)
    __fpl_dretinf                            0x0800c88d   Thumb Code    12  dretinf.o(x$fpl$dretinf)
    _fp_init                                 0x0800c899   Thumb Code    26  fpinit.o(x$fpl$fpinit)
    __fplib_config_fpu_vfp                   0x0800c8b1   Thumb Code     0  fpinit.o(x$fpl$fpinit)
    __fplib_config_pureend_doubles           0x0800c8b1   Thumb Code     0  fpinit.o(x$fpl$fpinit)
    _printf_fp_dec                           0x0800c8b3   Thumb Code     4  printf1.o(x$fpl$printf1)
    _printf_fp_hex                           0x0800c8b7   Thumb Code     4  printf2.o(x$fpl$printf2)
    __I$use$fp                               0x0800c8ba   Number         0  usenofp.o(x$fpl$usenofp)
    AHBPrescTable                            0x0800c9b8   Data          16  system_stm32f4xx.o(.rodata.AHBPrescTable)
    APBPrescTable                            0x0800c9c8   Data           8  system_stm32f4xx.o(.rodata.APBPrescTable)
    ArrowLED1_attributes                     0x0800c9d0   Data          36  freertos.o(.rodata.ArrowLED1_attributes)
    ArrowLED2_attributes                     0x0800c9f4   Data          36  freertos.o(.rodata.ArrowLED2_attributes)
    ArrowLED3_attributes                     0x0800ca18   Data          36  freertos.o(.rodata.ArrowLED3_attributes)
    ArrowLED4_attributes                     0x0800ca3c   Data          36  freertos.o(.rodata.ArrowLED4_attributes)
    ArrowLED5_attributes                     0x0800ca60   Data          36  freertos.o(.rodata.ArrowLED5_attributes)
    CAN_handle_attributes                    0x0800ca84   Data          36  freertos.o(.rodata.CAN_handle_attributes)
    MainControl_attributes                   0x0800cab0   Data          36  freertos.o(.rodata.MainControl_attributes)
    U_shapeLED1_attributes                   0x0800cad4   Data          36  freertos.o(.rodata.U_shapeLED1_attributes)
    U_shapeLED2_attributes                   0x0800caf8   Data          36  freertos.o(.rodata.U_shapeLED2_attributes)
    U_shapeLED3_attributes                   0x0800cb1c   Data          36  freertos.o(.rodata.U_shapeLED3_attributes)
    U_shapeLED4_attributes                   0x0800cb40   Data          36  freertos.o(.rodata.U_shapeLED4_attributes)
    U_shapeLED5_attributes                   0x0800cb64   Data          36  freertos.o(.rodata.U_shapeLED5_attributes)
    Region$$Table$$Base                      0x0800cc28   Number         0  anon$$obj.o(Region$$Table)
    Region$$Table$$Limit                     0x0800cc48   Number         0  anon$$obj.o(Region$$Table)
    __ctype                                  0x0800cc71   Data           0  lc_ctype_c.o(locale$$data)
    SHT$$INIT_ARRAY$$Base                    0x0800cd74   Number         0  ws2812_control.o(.init_array)
    SHT$$INIT_ARRAY$$Limit                   0x0800cd78   Number         0  init_aeabi.o(.init_array)
    SystemCoreClock                          0x20000000   Data           4  system_stm32f4xx.o(.data.SystemCoreClock)
    uwTickFreq                               0x20000005   Data           1  stm32f4xx_hal.o(.data.uwTickFreq)
    uwTickPrio                               0x20000008   Data           4  stm32f4xx_hal.o(.data.uwTickPrio)
    __libspace_start                         0x20000010   Data          96  libspace.o(.bss)
    ArrowLED1Handle                          0x20000070   Data           4  freertos.o(.bss.ArrowLED1Handle)
    __temporary_stack_top$libspace           0x20000070   Data           0  libspace.o(.bss)
    ArrowLED2Handle                          0x20000074   Data           4  freertos.o(.bss.ArrowLED2Handle)
    ArrowLED3Handle                          0x20000078   Data           4  freertos.o(.bss.ArrowLED3Handle)
    ArrowLED4Handle                          0x2000007c   Data           4  freertos.o(.bss.ArrowLED4Handle)
    ArrowLED5Handle                          0x20000080   Data           4  freertos.o(.bss.ArrowLED5Handle)
    Arrow_LED1                               0x20000084   Data         324  ws2812_control.o(.bss.Arrow_LED1)
    Arrow_LED2                               0x200001c8   Data         324  ws2812_control.o(.bss.Arrow_LED2)
    Arrow_LED3                               0x2000030c   Data         324  ws2812_control.o(.bss.Arrow_LED3)
    Arrow_LED4                               0x20000450   Data         324  ws2812_control.o(.bss.Arrow_LED4)
    Arrow_LED5                               0x20000594   Data         324  ws2812_control.o(.bss.Arrow_LED5)
    CAN_handleHandle                         0x200006d8   Data           4  freertos.o(.bss.CAN_handleHandle)
    Control_flag                             0x200006dc   Data           5  ws2812_control.o(.bss.Control_flag)
    DataReceived                             0x200006e1   Data           1  can_handle.o(.bss.DataReceived)
    ID_setNUM                                0x200006e2   Data           5  ws2812_control.o(.bss.ID_setNUM)
    Is_IDsetMode                             0x200006e7   Data           1  main_control_task.o(.bss.Is_IDsetMode)
    Is_startUP                               0x200006e8   Data           5  main_control_task.o(.bss.Is_startUP)
    MainControlHandle                        0x200006f4   Data           4  freertos.o(.bss.MainControlHandle)
    ReceivedNUM                              0x200006f8   Data           1  can_handle.o(.bss.ReceivedNUM)
    StartUP                                  0x200006f9   Data           1  can_handle.o(.bss.StartUP)
    TIM6_tick                                0x20000700   Data           8  main_control_task.o(.bss.TIM6_tick)
    U_shapeLED1Handle                        0x20000708   Data           4  freertos.o(.bss.U_shapeLED1Handle)
    U_shapeLED2Handle                        0x2000070c   Data           4  freertos.o(.bss.U_shapeLED2Handle)
    U_shapeLED3Handle                        0x20000710   Data           4  freertos.o(.bss.U_shapeLED3Handle)
    U_shapeLED4Handle                        0x20000714   Data           4  freertos.o(.bss.U_shapeLED4Handle)
    U_shapeLED5Handle                        0x20000718   Data           4  freertos.o(.bss.U_shapeLED5Handle)
    U_shape_LED1                             0x2000071c   Data         324  ws2812_control.o(.bss.U_shape_LED1)
    U_shape_LED2                             0x20000860   Data         324  ws2812_control.o(.bss.U_shape_LED2)
    U_shape_LED3                             0x200009a4   Data         324  ws2812_control.o(.bss.U_shape_LED3)
    U_shape_LED4                             0x20000ae8   Data         324  ws2812_control.o(.bss.U_shape_LED4)
    U_shape_LED5                             0x20000c2c   Data         324  ws2812_control.o(.bss.U_shape_LED5)
    __cxa_new_handler                        0x20000d70   Data           4  cxa_handlers.cpp.o(.bss.__cxa_new_handler)
    _dbg_TXBuff                              0x20000d74   Data          50  printf_dma.o(.bss._dbg_TXBuff)
    blades                                   0x20000da6   Data          20  can_handle.o(.bss.blades)
    fan_OK_count                             0x20000dba   Data           1  main_control_task.o(.bss.fan_OK_count)
    hcan1                                    0x20000dbc   Data          40  can.o(.bss.hcan1)
    hcrc                                     0x20000de4   Data           8  crc.o(.bss.hcrc)
    hdma_tim1_ch1                            0x20000dec   Data          96  tim.o(.bss.hdma_tim1_ch1)
    hdma_tim1_ch3                            0x20000e4c   Data          96  tim.o(.bss.hdma_tim1_ch3)
    hdma_tim2_ch2_ch4                        0x20000eac   Data          96  tim.o(.bss.hdma_tim2_ch2_ch4)
    hdma_tim4_ch3                            0x20000f0c   Data          96  tim.o(.bss.hdma_tim4_ch3)
    hdma_tim5_ch1                            0x20000f6c   Data          96  tim.o(.bss.hdma_tim5_ch1)
    hdma_tim5_ch3_up                         0x20000fcc   Data          96  tim.o(.bss.hdma_tim5_ch3_up)
    hdma_tim5_ch4_trig                       0x2000102c   Data          96  tim.o(.bss.hdma_tim5_ch4_trig)
    hdma_tim8_ch1                            0x2000108c   Data          96  tim.o(.bss.hdma_tim8_ch1)
    hdma_tim8_ch3                            0x200010ec   Data          96  tim.o(.bss.hdma_tim8_ch3)
    hdma_tim8_ch4_trig_com                   0x2000114c   Data          96  tim.o(.bss.hdma_tim8_ch4_trig_com)
    hdma_usart3_rx                           0x200011ac   Data          96  usart.o(.bss.hdma_usart3_rx)
    hdma_usart3_tx                           0x2000120c   Data          96  usart.o(.bss.hdma_usart3_tx)
    hrng                                     0x2000126c   Data          16  rng.o(.bss.hrng)
    htim1                                    0x2000127c   Data          72  tim.o(.bss.htim1)
    htim14                                   0x200012c4   Data          72  stm32f4xx_hal_timebase_tim.o(.bss.htim14)
    htim2                                    0x2000130c   Data          72  tim.o(.bss.htim2)
    htim4                                    0x20001354   Data          72  tim.o(.bss.htim4)
    htim5                                    0x2000139c   Data          72  tim.o(.bss.htim5)
    htim6                                    0x200013e4   Data          72  tim.o(.bss.htim6)
    htim8                                    0x2000142c   Data          72  tim.o(.bss.htim8)
    huart3                                   0x20001474   Data          68  usart.o(.bss.huart3)
    knock                                    0x200014b8   Data           5  main_control_task.o(.bss.knock)
    last_tick                                0x200014c0   Data           8  main_control_task.o(.bss.last_tick)
    pxCurrentTCB                             0x200015bc   Data           4  tasks.o(.bss.pxCurrentTCB)
    stack_size                               0x20001a34   Data          40  ws2812_control.o(.bss.stack_size)
    time_started                             0x20001a5c   Data           1  main_control_task.o(.bss.time_started)
    uwTick                                   0x20005664   Data           4  stm32f4xx_hal.o(.bss.uwTick)
    xQueueRegistry                           0x20005abc   Data          64  queue.o(.bss.xQueueRegistry)



==============================================================================

Memory Map of the image

  Image Entry point : 0x080001ad

  Load Region LR_IROM1 (Base: 0x08000000, Size: 0x0000cd88, Max: 0x00200000, ABSOLUTE)

    Execution Region ER_IROM1 (Exec base: 0x08000000, Load base: 0x08000000, Size: 0x0000cd78, Max: 0x00200000, ABSOLUTE)

    Exec Addr    Load Addr    Size         Type   Attr      Idx    E Section Name        Object

    0x08000000   0x08000000   0x000001ac   Data   RO            3    RESET               startup_stm32f427xx.o
    0x080001ac   0x080001ac   0x00000008   Code   RO         2230  * !!!main             c_w.l(__main.o)
    0x080001b4   0x080001b4   0x00000034   Code   RO         2795    !!!scatter          c_w.l(__scatter.o)
    0x080001e8   0x080001e8   0x0000001a   Code   RO         2797    !!handler_copy      c_w.l(__scatter_copy.o)
    0x08000202   0x08000202   0x00000002   PAD
    0x08000204   0x08000204   0x0000001c   Code   RO         2799    !!handler_zi        c_w.l(__scatter_zi.o)
    0x08000220   0x08000220   0x00000000   Code   RO         2449    .ARM.Collect$$_printf_percent$$00000000  c_w.l(_printf_percent.o)
    0x08000220   0x08000220   0x00000006   Code   RO         2438    .ARM.Collect$$_printf_percent$$00000001  c_w.l(_printf_n.o)
    0x08000226   0x08000226   0x00000006   Code   RO         2440    .ARM.Collect$$_printf_percent$$00000002  c_w.l(_printf_p.o)
    0x0800022c   0x0800022c   0x00000006   Code   RO         2445    .ARM.Collect$$_printf_percent$$00000003  c_w.l(_printf_f.o)
    0x08000232   0x08000232   0x00000006   Code   RO         2446    .ARM.Collect$$_printf_percent$$00000004  c_w.l(_printf_e.o)
    0x08000238   0x08000238   0x00000006   Code   RO         2447    .ARM.Collect$$_printf_percent$$00000005  c_w.l(_printf_g.o)
    0x0800023e   0x0800023e   0x00000006   Code   RO         2448    .ARM.Collect$$_printf_percent$$00000006  c_w.l(_printf_a.o)
    0x08000244   0x08000244   0x0000000a   Code   RO         2453    .ARM.Collect$$_printf_percent$$00000007  c_w.l(_printf_ll.o)
    0x0800024e   0x0800024e   0x00000006   Code   RO         2442    .ARM.Collect$$_printf_percent$$00000008  c_w.l(_printf_i.o)
    0x08000254   0x08000254   0x00000006   Code   RO         2443    .ARM.Collect$$_printf_percent$$00000009  c_w.l(_printf_d.o)
    0x0800025a   0x0800025a   0x00000006   Code   RO         2444    .ARM.Collect$$_printf_percent$$0000000A  c_w.l(_printf_u.o)
    0x08000260   0x08000260   0x00000006   Code   RO         2441    .ARM.Collect$$_printf_percent$$0000000B  c_w.l(_printf_o.o)
    0x08000266   0x08000266   0x00000006   Code   RO         2439    .ARM.Collect$$_printf_percent$$0000000C  c_w.l(_printf_x.o)
    0x0800026c   0x0800026c   0x00000006   Code   RO         2450    .ARM.Collect$$_printf_percent$$0000000D  c_w.l(_printf_lli.o)
    0x08000272   0x08000272   0x00000006   Code   RO         2451    .ARM.Collect$$_printf_percent$$0000000E  c_w.l(_printf_lld.o)
    0x08000278   0x08000278   0x00000006   Code   RO         2452    .ARM.Collect$$_printf_percent$$0000000F  c_w.l(_printf_llu.o)
    0x0800027e   0x0800027e   0x00000006   Code   RO         2457    .ARM.Collect$$_printf_percent$$00000010  c_w.l(_printf_llo.o)
    0x08000284   0x08000284   0x00000006   Code   RO         2458    .ARM.Collect$$_printf_percent$$00000011  c_w.l(_printf_llx.o)
    0x0800028a   0x0800028a   0x0000000a   Code   RO         2454    .ARM.Collect$$_printf_percent$$00000012  c_w.l(_printf_l.o)
    0x08000294   0x08000294   0x00000006   Code   RO         2436    .ARM.Collect$$_printf_percent$$00000013  c_w.l(_printf_c.o)
    0x0800029a   0x0800029a   0x00000006   Code   RO         2437    .ARM.Collect$$_printf_percent$$00000014  c_w.l(_printf_s.o)
    0x080002a0   0x080002a0   0x00000006   Code   RO         2455    .ARM.Collect$$_printf_percent$$00000015  c_w.l(_printf_lc.o)
    0x080002a6   0x080002a6   0x00000006   Code   RO         2456    .ARM.Collect$$_printf_percent$$00000016  c_w.l(_printf_ls.o)
    0x080002ac   0x080002ac   0x00000004   Code   RO         2607    .ARM.Collect$$_printf_percent$$00000017  c_w.l(_printf_percent_end.o)
    0x080002b0   0x080002b0   0x00000002   Code   RO         2719    .ARM.Collect$$libinit$$00000000  c_w.l(libinit.o)
    0x080002b2   0x080002b2   0x00000004   Code   RO         2463    .ARM.Collect$$libinit$$00000001  c_w.l(libinit2.o)
    0x080002b6   0x080002b6   0x00000000   Code   RO         2466    .ARM.Collect$$libinit$$00000004  c_w.l(libinit2.o)
    0x080002b6   0x080002b6   0x00000008   Code   RO         2467    .ARM.Collect$$libinit$$00000005  c_w.l(libinit2.o)
    0x080002be   0x080002be   0x00000000   Code   RO         2469    .ARM.Collect$$libinit$$0000000A  c_w.l(libinit2.o)
    0x080002be   0x080002be   0x00000000   Code   RO         2471    .ARM.Collect$$libinit$$0000000C  c_w.l(libinit2.o)
    0x080002be   0x080002be   0x00000000   Code   RO         2473    .ARM.Collect$$libinit$$0000000E  c_w.l(libinit2.o)
    0x080002be   0x080002be   0x00000006   Code   RO         2474    .ARM.Collect$$libinit$$0000000F  c_w.l(libinit2.o)
    0x080002c4   0x080002c4   0x00000000   Code   RO         2476    .ARM.Collect$$libinit$$00000011  c_w.l(libinit2.o)
    0x080002c4   0x080002c4   0x0000000c   Code   RO         2477    .ARM.Collect$$libinit$$00000012  c_w.l(libinit2.o)
    0x080002d0   0x080002d0   0x00000000   Code   RO         2478    .ARM.Collect$$libinit$$00000013  c_w.l(libinit2.o)
    0x080002d0   0x080002d0   0x00000000   Code   RO         2480    .ARM.Collect$$libinit$$00000015  c_w.l(libinit2.o)
    0x080002d0   0x080002d0   0x0000000a   Code   RO         2481    .ARM.Collect$$libinit$$00000016  c_w.l(libinit2.o)
    0x080002da   0x080002da   0x00000000   Code   RO         2482    .ARM.Collect$$libinit$$00000017  c_w.l(libinit2.o)
    0x080002da   0x080002da   0x00000000   Code   RO         2484    .ARM.Collect$$libinit$$00000019  c_w.l(libinit2.o)
    0x080002da   0x080002da   0x00000000   Code   RO         2486    .ARM.Collect$$libinit$$0000001B  c_w.l(libinit2.o)
    0x080002da   0x080002da   0x00000000   Code   RO         2488    .ARM.Collect$$libinit$$0000001D  c_w.l(libinit2.o)
    0x080002da   0x080002da   0x00000000   Code   RO         2490    .ARM.Collect$$libinit$$0000001F  c_w.l(libinit2.o)
    0x080002da   0x080002da   0x00000000   Code   RO         2492    .ARM.Collect$$libinit$$00000021  c_w.l(libinit2.o)
    0x080002da   0x080002da   0x00000000   Code   RO         2494    .ARM.Collect$$libinit$$00000023  c_w.l(libinit2.o)
    0x080002da   0x080002da   0x00000000   Code   RO         2496    .ARM.Collect$$libinit$$00000025  c_w.l(libinit2.o)
    0x080002da   0x080002da   0x00000000   Code   RO         2500    .ARM.Collect$$libinit$$0000002C  c_w.l(libinit2.o)
    0x080002da   0x080002da   0x00000000   Code   RO         2502    .ARM.Collect$$libinit$$0000002E  c_w.l(libinit2.o)
    0x080002da   0x080002da   0x00000000   Code   RO         2504    .ARM.Collect$$libinit$$00000030  c_w.l(libinit2.o)
    0x080002da   0x080002da   0x00000004   Code   RO         2505    .ARM.Collect$$libinit$$00000031  c_w.l(libinit2.o)
    0x080002de   0x080002de   0x00000000   Code   RO         2506    .ARM.Collect$$libinit$$00000032  c_w.l(libinit2.o)
    0x080002de   0x080002de   0x00000002   Code   RO         2507    .ARM.Collect$$libinit$$00000033  c_w.l(libinit2.o)
    0x080002e0   0x080002e0   0x00000002   Code   RO         2792    .ARM.Collect$$libshutdown$$00000000  c_w.l(libshutdown.o)
    0x080002e2   0x080002e2   0x00000000   Code   RO         2763    .ARM.Collect$$libshutdown$$00000002  c_w.l(libshutdown2.o)
    0x080002e2   0x080002e2   0x00000000   Code   RO         2765    .ARM.Collect$$libshutdown$$00000004  c_w.l(libshutdown2.o)
    0x080002e2   0x080002e2   0x00000000   Code   RO         2768    .ARM.Collect$$libshutdown$$00000007  c_w.l(libshutdown2.o)
    0x080002e2   0x080002e2   0x00000000   Code   RO         2771    .ARM.Collect$$libshutdown$$0000000A  c_w.l(libshutdown2.o)
    0x080002e2   0x080002e2   0x00000000   Code   RO         2773    .ARM.Collect$$libshutdown$$0000000C  c_w.l(libshutdown2.o)
    0x080002e2   0x080002e2   0x00000000   Code   RO         2776    .ARM.Collect$$libshutdown$$0000000F  c_w.l(libshutdown2.o)
    0x080002e2   0x080002e2   0x00000002   Code   RO         2777    .ARM.Collect$$libshutdown$$00000010  c_w.l(libshutdown2.o)
    0x080002e4   0x080002e4   0x00000000   Code   RO         2295    .ARM.Collect$$rtentry$$00000000  c_w.l(__rtentry.o)
    0x080002e4   0x080002e4   0x00000000   Code   RO         2551    .ARM.Collect$$rtentry$$00000002  c_w.l(__rtentry2.o)
    0x080002e4   0x080002e4   0x00000006   Code   RO         2563    .ARM.Collect$$rtentry$$00000004  c_w.l(__rtentry4.o)
    0x080002ea   0x080002ea   0x00000000   Code   RO         2553    .ARM.Collect$$rtentry$$00000009  c_w.l(__rtentry2.o)
    0x080002ea   0x080002ea   0x00000004   Code   RO         2554    .ARM.Collect$$rtentry$$0000000A  c_w.l(__rtentry2.o)
    0x080002ee   0x080002ee   0x00000000   Code   RO         2556    .ARM.Collect$$rtentry$$0000000C  c_w.l(__rtentry2.o)
    0x080002ee   0x080002ee   0x00000008   Code   RO         2557    .ARM.Collect$$rtentry$$0000000D  c_w.l(__rtentry2.o)
    0x080002f6   0x080002f6   0x00000002   Code   RO         2724    .ARM.Collect$$rtexit$$00000000  c_w.l(rtexit.o)
    0x080002f8   0x080002f8   0x00000000   Code   RO         2748    .ARM.Collect$$rtexit$$00000002  c_w.l(rtexit2.o)
    0x080002f8   0x080002f8   0x00000004   Code   RO         2749    .ARM.Collect$$rtexit$$00000003  c_w.l(rtexit2.o)
    0x080002fc   0x080002fc   0x00000006   Code   RO         2750    .ARM.Collect$$rtexit$$00000004  c_w.l(rtexit2.o)
    0x08000302   0x08000302   0x00000002   PAD
    0x08000304   0x08000304   0x00000040   Code   RO            4    .text               startup_stm32f427xx.o
    0x08000344   0x08000344   0x000000f0   Code   RO         2214    .text               c_w.l(lludivv7m.o)
    0x08000434   0x08000434   0x00000034   Code   RO         2216    .text               c_w.l(vsnprintf.o)
    0x08000468   0x08000468   0x0000008a   Code   RO         2218    .text               c_w.l(rt_memcpy_v6.o)
    0x080004f2   0x080004f2   0x00000010   Code   RO         2222    .text               c_w.l(aeabi_memset4.o)
    0x08000502   0x08000502   0x00000044   Code   RO         2224    .text               c_w.l(rt_memclr.o)
    0x08000546   0x08000546   0x0000004e   Code   RO         2226    .text               c_w.l(rt_memclr_w.o)
    0x08000594   0x08000594   0x00000006   Code   RO         2228    .text               c_w.l(heapauxi.o)
    0x0800059a   0x0800059a   0x00000002   PAD
    0x0800059c   0x0800059c   0x00000024   Code   RO         2235    .text               c_w.l(init_aeabi.o)
    0x080005c0   0x080005c0   0x0000005e   Code   RO         2304    .text               c_w.l(h1_alloc.o)
    0x0800061e   0x0800061e   0x0000004e   Code   RO         2306    .text               c_w.l(h1_free.o)
    0x0800066c   0x0800066c   0x0000004e   Code   RO         2368    .text               c_w.l(_printf_pad.o)
    0x080006ba   0x080006ba   0x00000024   Code   RO         2370    .text               c_w.l(_printf_truncate.o)
    0x080006de   0x080006de   0x00000052   Code   RO         2372    .text               c_w.l(_printf_str.o)
    0x08000730   0x08000730   0x00000078   Code   RO         2374    .text               c_w.l(_printf_dec.o)
    0x080007a8   0x080007a8   0x00000028   Code   RO         2376    .text               c_w.l(_printf_charcount.o)
    0x080007d0   0x080007d0   0x00000030   Code   RO         2378    .text               c_w.l(_printf_char_common.o)
    0x08000800   0x08000800   0x0000000a   Code   RO         2380    .text               c_w.l(_sputc.o)
    0x0800080a   0x0800080a   0x00000010   Code   RO         2382    .text               c_w.l(_snputc.o)
    0x0800081a   0x0800081a   0x00000002   PAD
    0x0800081c   0x0800081c   0x000000bc   Code   RO         2384    .text               c_w.l(_printf_wctomb.o)
    0x080008d8   0x080008d8   0x0000007c   Code   RO         2387    .text               c_w.l(_printf_longlong_dec.o)
    0x08000954   0x08000954   0x00000070   Code   RO         2393    .text               c_w.l(_printf_oct_int_ll.o)
    0x080009c4   0x080009c4   0x00000094   Code   RO         2413    .text               c_w.l(_printf_hex_int_ll_ptr.o)
    0x08000a58   0x08000a58   0x00000188   Code   RO         2433    .text               c_w.l(__printf_flags_ss_wp.o)
    0x08000be0   0x08000be0   0x00000064   Code   RO         2461    .text               c_w.l(rt_memcpy_w.o)
    0x08000c44   0x08000c44   0x0000000c   Code   RO         2544    .text               c_w.l(sys_exit.o)
    0x08000c50   0x08000c50   0x00000008   Code   RO         2570    .text               c_w.l(rt_heap_descriptor_intlibspace.o)
    0x08000c58   0x08000c58   0x00000004   Code   RO         2572    .text               c_w.l(hguard.o)
    0x08000c5c   0x08000c5c   0x0000008a   Code   RO         2574    .text               c_w.l(init_alloc.o)
    0x08000ce6   0x08000ce6   0x0000000e   Code   RO         2578    .text               c_w.l(h1_init.o)
    0x08000cf4   0x08000cf4   0x0000008a   Code   RO         2590    .text               c_w.l(lludiv10.o)
    0x08000d7e   0x08000d7e   0x000000b2   Code   RO         2592    .text               c_w.l(_printf_intcommon.o)
    0x08000e30   0x08000e30   0x0000041c   Code   RO         2594    .text               c_w.l(_printf_fp_dec.o)
    0x0800124c   0x0800124c   0x000002fc   Code   RO         2598    .text               c_w.l(_printf_fp_hex.o)
    0x08001548   0x08001548   0x0000002c   Code   RO         2603    .text               c_w.l(_printf_char.o)
    0x08001574   0x08001574   0x0000002c   Code   RO         2605    .text               c_w.l(_printf_wchar.o)
    0x080015a0   0x080015a0   0x00000048   Code   RO         2608    .text               c_w.l(_c16rtomb.o)
    0x080015e8   0x080015e8   0x00000008   Code   RO         2636    .text               c_w.l(libspace.o)
    0x080015f0   0x080015f0   0x00000002   Code   RO         2639    .text               c_w.l(use_no_semi.o)
    0x080015f2   0x080015f2   0x00000000   Code   RO         2641    .text               c_w.l(indicate_semi.o)
    0x080015f2   0x080015f2   0x0000004a   Code   RO         2642    .text               c_w.l(sys_stackheap_outer.o)
    0x0800163c   0x0800163c   0x00000010   Code   RO         2644    .text               c_w.l(rt_ctype_table.o)
    0x0800164c   0x0800164c   0x00000008   Code   RO         2651    .text               c_w.l(rt_locale_intlibspace.o)
    0x08001654   0x08001654   0x00000000   Code   RO         2655    .text               c_w.l(maybetermalloc1.o)
    0x08001654   0x08001654   0x00000034   Code   RO         2657    .text               c_w.l(h1_extend.o)
    0x08001688   0x08001688   0x00000080   Code   RO         2661    .text               c_w.l(_printf_fp_infnan.o)
    0x08001708   0x08001708   0x000000e4   Code   RO         2663    .text               c_w.l(bigflt0.o)
    0x080017ec   0x080017ec   0x00000012   Code   RO         2693    .text               c_w.l(exit.o)
    0x080017fe   0x080017fe   0x0000000a   Code   RO         2695    .text               c_w.l(defsig_exit.o)
    0x08001808   0x08001808   0x0000000e   Code   RO         2703    .text               c_w.l(defsig_rtmem_outer.o)
    0x08001816   0x08001816   0x00000032   Code   RO         2735    .text               c_w.l(defsig_general.o)
    0x08001848   0x08001848   0x00000050   Code   RO         2739    .text               c_w.l(defsig_rtmem_inner.o)
    0x08001898   0x08001898   0x0000007c   Code   RO         2741    .text               c_w.l(strcmpv7em.o)
    0x08001914   0x08001914   0x0000000e   Code   RO         2743    .text               c_w.l(sys_wrch.o)
    0x08001922   0x08001922   0x00000002   PAD
    0x08001924   0x08001924   0x00000034   Code   RO         2140    .text.ArrowLED1_control  ws2812_control.o
    0x08001958   0x08001958   0x00000034   Code   RO         2144    .text.ArrowLED2_control  ws2812_control.o
    0x0800198c   0x0800198c   0x00000034   Code   RO         2148    .text.ArrowLED3_control  ws2812_control.o
    0x080019c0   0x080019c0   0x00000034   Code   RO         2152    .text.ArrowLED4_control  ws2812_control.o
    0x080019f4   0x080019f4   0x00000034   Code   RO         2156    .text.ArrowLED5_control  ws2812_control.o
    0x08001a28   0x08001a28   0x00000004   Code   RO          210    .text.BusFault_Handler  stm32f4xx_it.o
    0x08001a2c   0x08001a2c   0x00000010   Code   RO          230    .text.CAN1_RX0_IRQHandler  stm32f4xx_it.o
    0x08001a3c   0x08001a3c   0x00000010   Code   RO          228    .text.CAN1_TX_IRQHandler  stm32f4xx_it.o
    0x08001a4c   0x08001a4c   0x00000040   Code   RO         2089    .text.CAN_Filter_config  can_handle.o
    0x08001a8c   0x08001a8c   0x00000016   Code   RO         2187    .text.CAN_handle_task  can_handle_task.o
    0x08001aa2   0x08001aa2   0x00000002   PAD
    0x08001aa4   0x08001aa4   0x00000010   Code   RO          216    .text.DMA1_Stream0_IRQHandler  stm32f4xx_it.o
    0x08001ab4   0x08001ab4   0x00000010   Code   RO          218    .text.DMA1_Stream1_IRQHandler  stm32f4xx_it.o
    0x08001ac4   0x08001ac4   0x00000010   Code   RO          220    .text.DMA1_Stream2_IRQHandler  stm32f4xx_it.o
    0x08001ad4   0x08001ad4   0x00000010   Code   RO          222    .text.DMA1_Stream3_IRQHandler  stm32f4xx_it.o
    0x08001ae4   0x08001ae4   0x00000010   Code   RO          224    .text.DMA1_Stream4_IRQHandler  stm32f4xx_it.o
    0x08001af4   0x08001af4   0x00000010   Code   RO          226    .text.DMA1_Stream6_IRQHandler  stm32f4xx_it.o
    0x08001b04   0x08001b04   0x00000010   Code   RO          234    .text.DMA1_Stream7_IRQHandler  stm32f4xx_it.o
    0x08001b14   0x08001b14   0x00000010   Code   RO          238    .text.DMA2_Stream1_IRQHandler  stm32f4xx_it.o
    0x08001b24   0x08001b24   0x00000010   Code   RO          240    .text.DMA2_Stream2_IRQHandler  stm32f4xx_it.o
    0x08001b34   0x08001b34   0x00000010   Code   RO          242    .text.DMA2_Stream4_IRQHandler  stm32f4xx_it.o
    0x08001b44   0x08001b44   0x00000010   Code   RO          244    .text.DMA2_Stream6_IRQHandler  stm32f4xx_it.o
    0x08001b54   0x08001b54   0x00000010   Code   RO          246    .text.DMA2_Stream7_IRQHandler  stm32f4xx_it.o
    0x08001b64   0x08001b64   0x00000056   Code   RO          554    .text.DMA_CalcBaseAndBitshift  stm32f4xx_hal_dma.o
    0x08001bba   0x08001bba   0x00000002   PAD
    0x08001bbc   0x08001bbc   0x000000f0   Code   RO          552    .text.DMA_CheckFifoParam  stm32f4xx_hal_dma.o
    0x08001cac   0x08001cac   0x00000050   Code   RO          560    .text.DMA_SetConfig  stm32f4xx_hal_dma.o
    0x08001cfc   0x08001cfc   0x00000002   Code   RO          214    .text.DebugMon_Handler  stm32f4xx_it.o
    0x08001cfe   0x08001cfe   0x00000002   PAD
    0x08001d00   0x08001d00   0x0000000e   Code   RO           15    .text.Error_Handler  main.o
    0x08001d0e   0x08001d0e   0x00000002   PAD
    0x08001d10   0x08001d10   0x00000052   Code   RO          311    .text.HAL_CAN_ActivateNotification  stm32f4xx_hal_can.o
    0x08001d62   0x08001d62   0x00000002   PAD
    0x08001d64   0x08001d64   0x000001a4   Code   RO          287    .text.HAL_CAN_ConfigFilter  stm32f4xx_hal_can.o
    0x08001f08   0x08001f08   0x00000008   Code   RO          341    .text.HAL_CAN_ErrorCallback  stm32f4xx_hal_can.o
    0x08001f10   0x08001f10   0x000001f0   Code   RO          307    .text.HAL_CAN_GetRxMessage  stm32f4xx_hal_can.o
    0x08002100   0x08002100   0x000003f2   Code   RO          315    .text.HAL_CAN_IRQHandler  stm32f4xx_hal_can.o
    0x080024f2   0x080024f2   0x00000002   PAD
    0x080024f4   0x080024f4   0x000001de   Code   RO          277    .text.HAL_CAN_Init  stm32f4xx_hal_can.o
    0x080026d2   0x080026d2   0x00000002   PAD
    0x080026d4   0x080026d4   0x000000b6   Code   RO           95    .text.HAL_CAN_MspInit  can.o
    0x0800278a   0x0800278a   0x00000002   PAD
    0x0800278c   0x0800278c   0x00000008   Code   RO          329    .text.HAL_CAN_RxFifo0FullCallback  stm32f4xx_hal_can.o
    0x08002794   0x08002794   0x000000b0   Code   RO         2083    .text.HAL_CAN_RxFifo0MsgPendingCallback  can_handle.o
    0x08002844   0x08002844   0x00000008   Code   RO          333    .text.HAL_CAN_RxFifo1FullCallback  stm32f4xx_hal_can.o
    0x0800284c   0x0800284c   0x00000008   Code   RO          335    .text.HAL_CAN_RxFifo1MsgPendingCallback  stm32f4xx_hal_can.o
    0x08002854   0x08002854   0x00000008   Code   RO          337    .text.HAL_CAN_SleepCallback  stm32f4xx_hal_can.o
    0x0800285c   0x0800285c   0x0000008a   Code   RO          289    .text.HAL_CAN_Start  stm32f4xx_hal_can.o
    0x080028e6   0x080028e6   0x00000002   PAD
    0x080028e8   0x080028e8   0x00000008   Code   RO          319    .text.HAL_CAN_TxMailbox0AbortCallback  stm32f4xx_hal_can.o
    0x080028f0   0x080028f0   0x00000014   Code   RO         2087    .text.HAL_CAN_TxMailbox0CompleteCallback  can_handle.o
    0x08002904   0x08002904   0x00000008   Code   RO          323    .text.HAL_CAN_TxMailbox1AbortCallback  stm32f4xx_hal_can.o
    0x0800290c   0x0800290c   0x00000008   Code   RO          321    .text.HAL_CAN_TxMailbox1CompleteCallback  stm32f4xx_hal_can.o
    0x08002914   0x08002914   0x00000008   Code   RO          327    .text.HAL_CAN_TxMailbox2AbortCallback  stm32f4xx_hal_can.o
    0x0800291c   0x0800291c   0x00000008   Code   RO          325    .text.HAL_CAN_TxMailbox2CompleteCallback  stm32f4xx_hal_can.o
    0x08002924   0x08002924   0x00000008   Code   RO          339    .text.HAL_CAN_WakeUpFromRxMsgCallback  stm32f4xx_hal_can.o
    0x0800292c   0x0800292c   0x00000040   Code   RO          818    .text.HAL_CRC_Init  stm32f4xx_hal_crc.o
    0x0800296c   0x0800296c   0x0000003e   Code   RO          109    .text.HAL_CRC_MspInit  crc.o
    0x080029aa   0x080029aa   0x00000002   PAD
    0x080029ac   0x080029ac   0x00000044   Code   RO          566    .text.HAL_DMA_Abort_IT  stm32f4xx_hal_dma.o
    0x080029f0   0x080029f0   0x0000031e   Code   RO          570    .text.HAL_DMA_IRQHandler  stm32f4xx_hal_dma.o
    0x08002d0e   0x08002d0e   0x00000002   PAD
    0x08002d10   0x08002d10   0x0000016e   Code   RO          550    .text.HAL_DMA_Init  stm32f4xx_hal_dma.o
    0x08002e7e   0x08002e7e   0x00000002   PAD
    0x08002e80   0x08002e80   0x000000c2   Code   RO          562    .text.HAL_DMA_Start_IT  stm32f4xx_hal_dma.o
    0x08002f42   0x08002f42   0x00000002   PAD
    0x08002f44   0x08002f44   0x000003ee   Code   RO          512    .text.HAL_GPIO_Init  stm32f4xx_hal_gpio.o
    0x08003332   0x08003332   0x00000002   PAD
    0x08003334   0x08003334   0x0000000c   Code   RO          737    .text.HAL_GetTick   stm32f4xx_hal.o
    0x08003340   0x08003340   0x0000001a   Code   RO          735    .text.HAL_IncTick   stm32f4xx_hal.o
    0x0800335a   0x0800335a   0x00000002   PAD
    0x0800335c   0x0800335c   0x00000036   Code   RO          725    .text.HAL_Init      stm32f4xx_hal.o
    0x08003392   0x08003392   0x00000002   PAD
    0x08003394   0x08003394   0x000000f0   Code   RO          263    .text.HAL_InitTick  stm32f4xx_hal_timebase_tim.o
    0x08003484   0x08003484   0x00000058   Code   RO          255    .text.HAL_MspInit   stm32f4xx_hal_msp.o
    0x080034dc   0x080034dc   0x00000014   Code   RO          666    .text.HAL_NVIC_EnableIRQ  stm32f4xx_hal_cortex.o
    0x080034f0   0x080034f0   0x00000032   Code   RO          658    .text.HAL_NVIC_SetPriority  stm32f4xx_hal_cortex.o
    0x08003522   0x08003522   0x00000002   PAD
    0x08003524   0x08003524   0x00000010   Code   RO          654    .text.HAL_NVIC_SetPriorityGrouping  stm32f4xx_hal_cortex.o
    0x08003534   0x08003534   0x000000be   Code   RO          641    .text.HAL_PWREx_EnableOverDrive  stm32f4xx_hal_pwr_ex.o
    0x080035f2   0x080035f2   0x00000002   PAD
    0x080035f4   0x080035f4   0x00000262   Code   RO          360    .text.HAL_RCC_ClockConfig  stm32f4xx_hal_rcc.o
    0x08003856   0x08003856   0x00000002   PAD
    0x08003858   0x08003858   0x00000054   Code   RO          378    .text.HAL_RCC_GetClockConfig  stm32f4xx_hal_rcc.o
    0x080038ac   0x080038ac   0x0000000c   Code   RO          370    .text.HAL_RCC_GetHCLKFreq  stm32f4xx_hal_rcc.o
    0x080038b8   0x080038b8   0x00000022   Code   RO          372    .text.HAL_RCC_GetPCLK1Freq  stm32f4xx_hal_rcc.o
    0x080038da   0x080038da   0x00000002   PAD
    0x080038dc   0x080038dc   0x00000022   Code   RO          374    .text.HAL_RCC_GetPCLK2Freq  stm32f4xx_hal_rcc.o
    0x080038fe   0x080038fe   0x00000002   PAD
    0x08003900   0x08003900   0x000000e6   Code   RO          362    .text.HAL_RCC_GetSysClockFreq  stm32f4xx_hal_rcc.o
    0x080039e6   0x080039e6   0x00000002   PAD
    0x080039e8   0x080039e8   0x000006be   Code   RO          358    .text.HAL_RCC_OscConfig  stm32f4xx_hal_rcc.o
    0x080040a6   0x080040a6   0x00000002   PAD
    0x080040a8   0x080040a8   0x00000056   Code   RO          839    .text.HAL_RNG_Init  stm32f4xx_hal_rng.o
    0x080040fe   0x080040fe   0x00000002   PAD
    0x08004100   0x08004100   0x0000003e   Code   RO          131    .text.HAL_RNG_MspInit  rng.o
    0x0800413e   0x0800413e   0x00000002   PAD
    0x08004140   0x08004140   0x00000008   Code   RO         1197    .text.HAL_TIMEx_BreakCallback  stm32f4xx_hal_tim_ex.o
    0x08004148   0x08004148   0x00000008   Code   RO         1193    .text.HAL_TIMEx_CommutCallback  stm32f4xx_hal_tim_ex.o
    0x08004150   0x08004150   0x000000b2   Code   RO         1189    .text.HAL_TIMEx_ConfigBreakDeadTime  stm32f4xx_hal_tim_ex.o
    0x08004202   0x08004202   0x00000002   PAD
    0x08004204   0x08004204   0x00000122   Code   RO         1187    .text.HAL_TIMEx_MasterConfigSynchronization  stm32f4xx_hal_tim_ex.o
    0x08004326   0x08004326   0x00000002   PAD
    0x08004328   0x08004328   0x0000009c   Code   RO          874    .text.HAL_TIM_Base_Init  stm32f4xx_hal_tim.o
    0x080043c4   0x080043c4   0x00000528   Code   RO          157    .text.HAL_TIM_Base_MspInit  tim.o
    0x080048ec   0x080048ec   0x000000ea   Code   RO          884    .text.HAL_TIM_Base_Start  stm32f4xx_hal_tim.o
    0x080049d6   0x080049d6   0x00000002   PAD
    0x080049d8   0x080049d8   0x000000f6   Code   RO          888    .text.HAL_TIM_Base_Start_IT  stm32f4xx_hal_tim.o
    0x08004ace   0x08004ace   0x00000002   PAD
    0x08004ad0   0x08004ad0   0x00000184   Code   RO         1066    .text.HAL_TIM_ConfigClockSource  stm32f4xx_hal_tim.o
    0x08004c54   0x08004c54   0x00000008   Code   RO         1092    .text.HAL_TIM_ErrorCallback  stm32f4xx_hal_tim.o
    0x08004c5c   0x08004c5c   0x00000008   Code   RO         1010    .text.HAL_TIM_IC_CaptureCallback  stm32f4xx_hal_tim.o
    0x08004c64   0x08004c64   0x0000027a   Code   RO         1008    .text.HAL_TIM_IRQHandler  stm32f4xx_hal_tim.o
    0x08004ede   0x08004ede   0x00000002   PAD
    0x08004ee0   0x08004ee0   0x0000025e   Code   RO          145    .text.HAL_TIM_MspPostInit  tim.o
    0x0800513e   0x0800513e   0x00000002   PAD
    0x08005140   0x08005140   0x00000008   Code   RO         1012    .text.HAL_TIM_OC_DelayElapsedCallback  stm32f4xx_hal_tim.o
    0x08005148   0x08005148   0x00000142   Code   RO         1040    .text.HAL_TIM_PWM_ConfigChannel  stm32f4xx_hal_tim.o
    0x0800528a   0x0800528a   0x00000002   PAD
    0x0800528c   0x0800528c   0x0000009c   Code   RO          928    .text.HAL_TIM_PWM_Init  stm32f4xx_hal_tim.o
    0x08005328   0x08005328   0x000000a4   Code   RO          159    .text.HAL_TIM_PWM_MspInit  tim.o
    0x080053cc   0x080053cc   0x000001b6   Code   RO         2160    .text.HAL_TIM_PWM_PulseFinishedCallback  ws2812_control.o
    0x08005582   0x08005582   0x00000002   PAD
    0x08005584   0x08005584   0x000001b6   Code   RO         2162    .text.HAL_TIM_PWM_PulseFinishedHalfCpltCallback  ws2812_control.o
    0x0800573a   0x0800573a   0x00000002   PAD
    0x0800573c   0x0800573c   0x000003da   Code   RO          944    .text.HAL_TIM_PWM_Start_DMA  stm32f4xx_hal_tim.o
    0x08005b16   0x08005b16   0x00000002   PAD
    0x08005b18   0x08005b18   0x00000196   Code   RO          946    .text.HAL_TIM_PWM_Stop_DMA  stm32f4xx_hal_tim.o
    0x08005cae   0x08005cae   0x00000002   PAD
    0x08005cb0   0x08005cb0   0x0000004c   Code   RO           17    .text.HAL_TIM_PeriodElapsedCallback  main.o
    0x08005cfc   0x08005cfc   0x00000008   Code   RO         1018    .text.HAL_TIM_TriggerCallback  stm32f4xx_hal_tim.o
    0x08005d04   0x08005d04   0x00000008   Code   RO         1298    .text.HAL_UART_ErrorCallback  stm32f4xx_hal_uart.o
    0x08005d0c   0x08005d0c   0x0000009a   Code   RO         1210    .text.HAL_UART_Init  stm32f4xx_hal_uart.o
    0x08005da6   0x08005da6   0x00000002   PAD
    0x08005da8   0x08005da8   0x00000144   Code   RO          190    .text.HAL_UART_MspInit  usart.o
    0x08005eec   0x08005eec   0x00000110   Code   RO         1238    .text.HAL_UART_Transmit_DMA  stm32f4xx_hal_uart.o
    0x08005ffc   0x08005ffc   0x00000008   Code   RO         1306    .text.HAL_UART_TxCpltCallback  stm32f4xx_hal_uart.o
    0x08006004   0x08006004   0x00000008   Code   RO         1308    .text.HAL_UART_TxHalfCpltCallback  stm32f4xx_hal_uart.o
    0x0800600c   0x0800600c   0x00000004   Code   RO          206    .text.HardFault_Handler  stm32f4xx_it.o
    0x08006010   0x08006010   0x00000048   Code   RO         2132    .text.LED_Control   ws2812_control.o
    0x08006058   0x08006058   0x0000004e   Code   RO           93    .text.MX_CAN1_Init  can.o
    0x080060a6   0x080060a6   0x00000002   PAD
    0x080060a8   0x080060a8   0x00000024   Code   RO          107    .text.MX_CRC_Init   crc.o
    0x080060cc   0x080060cc   0x00000128   Code   RO          121    .text.MX_DMA_Init   dma.o
    0x080061f4   0x080061f4   0x0000018a   Code   RO           35    .text.MX_FREERTOS_Init  freertos.o
    0x0800637e   0x0800637e   0x00000002   PAD
    0x08006380   0x08006380   0x000000d2   Code   RO           27    .text.MX_GPIO_Init  gpio.o
    0x08006452   0x08006452   0x00000002   PAD
    0x08006454   0x08006454   0x00000024   Code   RO          129    .text.MX_RNG_Init   rng.o
    0x08006478   0x08006478   0x00000134   Code   RO          143    .text.MX_TIM1_Init  tim.o
    0x080065ac   0x080065ac   0x000000d4   Code   RO          147    .text.MX_TIM2_Init  tim.o
    0x08006680   0x08006680   0x0000009c   Code   RO          149    .text.MX_TIM4_Init  tim.o
    0x0800671c   0x0800671c   0x0000010a   Code   RO          151    .text.MX_TIM5_Init  tim.o
    0x08006826   0x08006826   0x00000002   PAD
    0x08006828   0x08006828   0x0000005a   Code   RO          153    .text.MX_TIM6_Init  tim.o
    0x08006882   0x08006882   0x00000002   PAD
    0x08006884   0x08006884   0x00000150   Code   RO          155    .text.MX_TIM8_Init  tim.o
    0x080069d4   0x080069d4   0x00000040   Code   RO          188    .text.MX_USART3_UART_Init  usart.o
    0x08006a14   0x08006a14   0x000003d2   Code   RO         2197    .text.MainControl_task  main_control_task.o
    0x08006de6   0x08006de6   0x00000002   PAD
    0x08006de8   0x08006de8   0x00000004   Code   RO          208    .text.MemManage_Handler  stm32f4xx_it.o
    0x08006dec   0x08006dec   0x00000004   Code   RO          204    .text.NMI_Handler   stm32f4xx_it.o
    0x08006df0   0x08006df0   0x0000006c   Code   RO          664    .text.NVIC_EncodePriority  stm32f4xx_hal_cortex.o
    0x08006e5c   0x08006e5c   0x00000004   PAD
    0x08006e60   0x08006e60   0x00000064   Code   RO         2007    .text.PendSV_Handler  port.o
    0x08006ec4   0x08006ec4   0x0000000c   PAD
    0x08006ed0   0x08006ed0   0x00000024   Code   RO         1991    .text.SVC_Handler   port.o
    0x08006ef4   0x08006ef4   0x0000000e   Code   RO         1787    .text.SVC_Setup     cmsis_os2.o
    0x08006f02   0x08006f02   0x00000002   PAD
    0x08006f04   0x08006f04   0x0000001e   Code   RO         1777    .text.SysTick_Handler  cmsis_os2.o
    0x08006f22   0x08006f22   0x00000002   PAD
    0x08006f24   0x08006f24   0x000000ca   Code   RO           13    .text.SystemClock_Config  main.o
    0x08006fee   0x08006fee   0x00000002   PAD
    0x08006ff0   0x08006ff0   0x00000012   Code   RO         1339    .text.SystemInit    system_stm32f4xx.o
    0x08007002   0x08007002   0x00000002   PAD
    0x08007004   0x08007004   0x00000010   Code   RO          236    .text.TIM6_DAC_IRQHandler  stm32f4xx_it.o
    0x08007014   0x08007014   0x0000001c   Code   RO          232    .text.TIM8_TRG_COM_TIM14_IRQHandler  stm32f4xx_it.o
    0x08007030   0x08007030   0x0000019a   Code   RO          878    .text.TIM_Base_SetConfig  stm32f4xx_hal_tim.o
    0x080071ca   0x080071ca   0x00000002   PAD
    0x080071cc   0x080071cc   0x00000036   Code   RO          912    .text.TIM_CCxChannelCmd  stm32f4xx_hal_tim.o
    0x08007202   0x08007202   0x00000002   PAD
    0x08007204   0x08007204   0x000000bc   Code   RO          922    .text.TIM_DMADelayPulseCplt  stm32f4xx_hal_tim.o
    0x080072c0   0x080072c0   0x00000074   Code   RO          924    .text.TIM_DMADelayPulseHalfCplt  stm32f4xx_hal_tim.o
    0x08007334   0x08007334   0x0000009a   Code   RO          898    .text.TIM_DMAError  stm32f4xx_hal_tim.o
    0x080073ce   0x080073ce   0x00000002   PAD
    0x080073d0   0x080073d0   0x00000034   Code   RO         1064    .text.TIM_ETR_SetConfig  stm32f4xx_hal_tim.o
    0x08007404   0x08007404   0x0000002a   Code   RO         1070    .text.TIM_ITRx_SetConfig  stm32f4xx_hal_tim.o
    0x0800742e   0x0800742e   0x00000002   PAD
    0x08007430   0x08007430   0x000000ea   Code   RO         1022    .text.TIM_OC1_SetConfig  stm32f4xx_hal_tim.o
    0x0800751a   0x0800751a   0x00000002   PAD
    0x0800751c   0x0800751c   0x000000f4   Code   RO         1024    .text.TIM_OC2_SetConfig  stm32f4xx_hal_tim.o
    0x08007610   0x08007610   0x000000f2   Code   RO         1026    .text.TIM_OC3_SetConfig  stm32f4xx_hal_tim.o
    0x08007702   0x08007702   0x00000002   PAD
    0x08007704   0x08007704   0x000000a4   Code   RO         1028    .text.TIM_OC4_SetConfig  stm32f4xx_hal_tim.o
    0x080077a8   0x080077a8   0x00000050   Code   RO         1068    .text.TIM_TI1_ConfigInputStage  stm32f4xx_hal_tim.o
    0x080077f8   0x080077f8   0x00000052   Code   RO         1072    .text.TIM_TI2_ConfigInputStage  stm32f4xx_hal_tim.o
    0x0800784a   0x0800784a   0x00000002   PAD
    0x0800784c   0x0800784c   0x0000007c   Code   RO         1244    .text.UART_DMAError  stm32f4xx_hal_uart.o
    0x080078c8   0x080078c8   0x0000007a   Code   RO         1240    .text.UART_DMATransmitCplt  stm32f4xx_hal_uart.o
    0x08007942   0x08007942   0x00000002   PAD
    0x08007944   0x08007944   0x00000016   Code   RO         1242    .text.UART_DMATxHalfCplt  stm32f4xx_hal_uart.o
    0x0800795a   0x0800795a   0x00000002   PAD
    0x0800795c   0x0800795c   0x00000094   Code   RO         1258    .text.UART_EndRxTransfer  stm32f4xx_hal_uart.o
    0x080079f0   0x080079f0   0x00000036   Code   RO         1256    .text.UART_EndTxTransfer  stm32f4xx_hal_uart.o
    0x08007a26   0x08007a26   0x00000002   PAD
    0x08007a28   0x08007a28   0x0000013a   Code   RO         1214    .text.UART_SetConfig  stm32f4xx_hal_uart.o
    0x08007b62   0x08007b62   0x00000002   PAD
    0x08007b64   0x08007b64   0x00000034   Code   RO         2142    .text.U_shapeLED1_control  ws2812_control.o
    0x08007b98   0x08007b98   0x00000034   Code   RO         2146    .text.U_shapeLED2_control  ws2812_control.o
    0x08007bcc   0x08007bcc   0x00000034   Code   RO         2150    .text.U_shapeLED3_control  ws2812_control.o
    0x08007c00   0x08007c00   0x00000034   Code   RO         2154    .text.U_shapeLED4_control  ws2812_control.o
    0x08007c34   0x08007c34   0x00000034   Code   RO         2158    .text.U_shapeLED5_control  ws2812_control.o
    0x08007c68   0x08007c68   0x00000050   Code   RO         2103    .text.Uart3_callback  uart3_callback.o
    0x08007cb8   0x08007cb8   0x00000004   Code   RO          212    .text.UsageFault_Handler  stm32f4xx_it.o
    0x08007cbc   0x08007cbc   0x0000002c   Code   RO         2164    .text._GLOBAL__sub_I_ws2812_control.cpp  ws2812_control.o
    0x08007ce8   0x08007ce8   0x000001be   Code   RO         2134    .text._Z13Arrow_ControlR6WS2812h  ws2812_control.o
    0x08007ea6   0x08007ea6   0x00000002   PAD
    0x08007ea8   0x08007ea8   0x0000001a   Code   RO         2081    .text._Z15CAN_Data_DecodeP16CAN_Data_TypeDefPh  can_handle.o
    0x08007ec2   0x08007ec2   0x00000002   PAD
    0x08007ec4   0x08007ec4   0x00000160   Code   RO         2136    .text._Z15U_shape_ControlR6WS2812h  ws2812_control.o
    0x08008024   0x08008024   0x0000002c   Code   RO         2195    .text._Z19RNG_Get_RandomRangeii  main_control_task.o
    0x08008050   0x08008050   0x00000270   Code   RO         2031    .text._Z8HSVtoRGBttt  ws2812.o
    0x080082c0   0x080082c0   0x00000098   Code   RO         2063    .text._ZN6WS281210HCcallbackEv  ws2812.o
    0x08008358   0x08008358   0x000000d2   Code   RO         2061    .text._ZN6WS281210TCcallbackEv  ws2812.o
    0x0800842a   0x0800842a   0x00000002   PAD
    0x0800842c   0x0800842c   0x0000005c   Code   RO         2035    .text._ZN6WS281211SetALLColorEhhh  ws2812.o
    0x08008488   0x08008488   0x000000d0   Code   RO         2039    .text._ZN6WS281213SetGroupColorEhhhsta  ws2812.o
    0x08008558   0x08008558   0x00000116   Code   RO         2025    .text._ZN6WS281213SetPixelColorEhhhs  ws2812.o
    0x0800866e   0x0800866e   0x00000002   PAD
    0x08008670   0x08008670   0x00000102   Code   RO         2027    .text._ZN6WS281213SetPixelColorEjs  ws2812.o
    0x08008772   0x08008772   0x00000002   PAD
    0x08008774   0x08008774   0x000000be   Code   RO         2047    .text._ZN6WS281214FX_RainbowRollEv  ws2812.o
    0x08008832   0x08008832   0x00000002   PAD
    0x08008834   0x08008834   0x00000104   Code   RO         2057    .text._ZN6WS281215pixel_data_fillEhPt  ws2812.o
    0x08008938   0x08008938   0x00000040   Code   RO         2029    .text._ZN6WS281217SetPixelColor_HSVEttts  ws2812.o
    0x08008978   0x08008978   0x0000010a   Code   RO         2059    .text._ZN6WS281221pixel_data_fill_32bitEhPj  ws2812.o
    0x08008a82   0x08008a82   0x00000002   PAD
    0x08008a84   0x08008a84   0x00000052   Code   RO         2055    .text._ZN6WS28124InitEv  ws2812.o
    0x08008ad6   0x08008ad6   0x00000002   PAD
    0x08008ad8   0x08008ad8   0x0000006c   Code   RO         2033    .text._ZN6WS28124showEv  ws2812.o
    0x08008b44   0x08008b44   0x00000046   Code   RO         2045    .text._ZN6WS28127FadeAllEh  ws2812.o
    0x08008b8a   0x08008b8a   0x00000002   PAD
    0x08008b8c   0x08008b8c   0x0000001e   Code   RO         2037    .text._ZN6WS28128CloseAllEv  ws2812.o
    0x08008baa   0x08008baa   0x00000002   PAD
    0x08008bac   0x08008bac   0x00000082   Code   RO         2043    .text._ZN6WS28129FadePixelEhs  ws2812.o
    0x08008c2e   0x08008c2e   0x00000002   PAD
    0x08008c30   0x08008c30   0x00000160   Code   RO         2053    .text._ZN6WS2812C2EtP17TIM_HandleTypeDeftj12TIM_CCR_Bits  ws2812.o
    0x08008d90   0x08008d90   0x0000000c   Code   RO         2540    .text._ZSt15get_new_handlerv  libcppabi_w.l(cxa_handlers.cpp.o)
    0x08008d9c   0x08008d9c   0x00000004   Code   RO         2257    .text._Znaj         libcpp_w.l(new.cpp.o)
    0x08008da0   0x08008da0   0x00000026   Code   RO         2253    .text._Znwj         libcpp_w.l(new.cpp.o)
    0x08008dc6   0x08008dc6   0x00000002   PAD
    0x08008dc8   0x08008dc8   0x00000030   Code   RO          668    .text.__NVIC_EnableIRQ  stm32f4xx_hal_cortex.o
    0x08008df8   0x08008df8   0x00000010   Code   RO          660    .text.__NVIC_GetPriorityGrouping  stm32f4xx_hal_cortex.o
    0x08008e08   0x08008e08   0x00000042   Code   RO          662    .text.__NVIC_SetPriority  stm32f4xx_hal_cortex.o
    0x08008e4a   0x08008e4a   0x00000002   PAD
    0x08008e4c   0x08008e4c   0x00000042   Code   RO         1941    .text.__NVIC_SetPriority  cmsis_os2.o
    0x08008e8e   0x08008e8e   0x00000002   PAD
    0x08008e90   0x08008e90   0x0000003c   Code   RO          656    .text.__NVIC_SetPriorityGrouping  stm32f4xx_hal_cortex.o
    0x08008ecc   0x08008ecc   0x00000030   Code   RO         2112    .text.__cxx_global_var_init  ws2812_control.o
    0x08008efc   0x08008efc   0x00000030   Code   RO         2114    .text.__cxx_global_var_init.1  ws2812_control.o
    0x08008f2c   0x08008f2c   0x00000030   Code   RO         2116    .text.__cxx_global_var_init.2  ws2812_control.o
    0x08008f5c   0x08008f5c   0x00000030   Code   RO         2118    .text.__cxx_global_var_init.3  ws2812_control.o
    0x08008f8c   0x08008f8c   0x00000030   Code   RO         2120    .text.__cxx_global_var_init.4  ws2812_control.o
    0x08008fbc   0x08008fbc   0x00000030   Code   RO         2122    .text.__cxx_global_var_init.5  ws2812_control.o
    0x08008fec   0x08008fec   0x00000030   Code   RO         2124    .text.__cxx_global_var_init.6  ws2812_control.o
    0x0800901c   0x0800901c   0x00000030   Code   RO         2126    .text.__cxx_global_var_init.7  ws2812_control.o
    0x0800904c   0x0800904c   0x00000030   Code   RO         2128    .text.__cxx_global_var_init.8  ws2812_control.o
    0x0800907c   0x0800907c   0x00000030   Code   RO         2130    .text.__cxx_global_var_init.9  ws2812_control.o
    0x080090ac   0x080090ac   0x00000068   Code   RO           11    .text.main          main.o
    0x08009114   0x08009114   0x00000034   Code   RO         1845    .text.osDelay       cmsis_os2.o
    0x08009148   0x08009148   0x00000046   Code   RO         1779    .text.osKernelInitialize  cmsis_os2.o
    0x0800918e   0x0800918e   0x00000002   PAD
    0x08009190   0x08009190   0x00000052   Code   RO         1785    .text.osKernelStart  cmsis_os2.o
    0x080091e2   0x080091e2   0x00000002   PAD
    0x080091e4   0x080091e4   0x0000015a   Code   RO         1809    .text.osThreadNew   cmsis_os2.o
    0x0800933e   0x0800933e   0x00000002   PAD
    0x08009340   0x08009340   0x000000d4   Code   RO         1571    .text.prvAddCurrentTaskToDelayedList  tasks.o
    0x08009414   0x08009414   0x00000122   Code   RO         1557    .text.prvAddNewTaskToReadyList  tasks.o
    0x08009536   0x08009536   0x00000002   PAD
    0x08009538   0x08009538   0x000000a2   Code   RO         1708    .text.prvCheckForValidListAndQueue  timers.o
    0x080095da   0x080095da   0x00000002   PAD
    0x080095dc   0x080095dc   0x0000005a   Code   RO         1675    .text.prvCheckTasksWaitingTermination  tasks.o
    0x08009636   0x08009636   0x00000002   PAD
    0x08009638   0x08009638   0x00000042   Code   RO         1450    .text.prvCopyDataFromQueue  queue.o
    0x0800967a   0x0800967a   0x00000002   PAD
    0x0800967c   0x0800967c   0x000000cc   Code   RO         1438    .text.prvCopyDataToQueue  queue.o
    0x08009748   0x08009748   0x0000005e   Code   RO         1563    .text.prvDeleteTCB  tasks.o
    0x080097a6   0x080097a6   0x00000002   PAD
    0x080097a8   0x080097a8   0x00000040   Code   RO         1746    .text.prvGetNextExpireTime  timers.o
    0x080097e8   0x080097e8   0x000000bc   Code   RO         1958    .text.prvHeapInit   heap_4.o
    0x080098a4   0x080098a4   0x00000038   Code   RO         1597    .text.prvIdleTask   tasks.o
    0x080098dc   0x080098dc   0x00000048   Code   RO         1412    .text.prvInitialiseNewQueue  queue.o
    0x08009924   0x08009924   0x00000122   Code   RO         1555    .text.prvInitialiseNewTask  tasks.o
    0x08009a46   0x08009a46   0x00000002   PAD
    0x08009a48   0x08009a48   0x0000008e   Code   RO         1673    .text.prvInitialiseTaskLists  tasks.o
    0x08009ad6   0x08009ad6   0x00000002   PAD
    0x08009ad8   0x08009ad8   0x000000c6   Code   RO         1960    .text.prvInsertBlockIntoFreeList  heap_4.o
    0x08009b9e   0x08009b9e   0x00000002   PAD
    0x08009ba0   0x08009ba0   0x00000086   Code   RO         1758    .text.prvInsertTimerInActiveList  timers.o
    0x08009c26   0x08009c26   0x00000002   PAD
    0x08009c28   0x08009c28   0x00000028   Code   RO         1452    .text.prvIsQueueEmpty  queue.o
    0x08009c50   0x08009c50   0x0000002e   Code   RO         1440    .text.prvIsQueueFull  queue.o
    0x08009c7e   0x08009c7e   0x00000002   PAD
    0x08009c80   0x08009c80   0x00000028   Code   RO         1999    .text.prvPortStartFirstTask  port.o
    0x08009ca8   0x08009ca8   0x0000008e   Code   RO         1754    .text.prvProcessExpiredTimer  timers.o
    0x08009d36   0x08009d36   0x00000002   PAD
    0x08009d38   0x08009d38   0x00000192   Code   RO         1750    .text.prvProcessReceivedCommands  timers.o
    0x08009eca   0x08009eca   0x00000002   PAD
    0x08009ecc   0x08009ecc   0x0000009a   Code   RO         1748    .text.prvProcessTimerOrBlockTask  timers.o
    0x08009f66   0x08009f66   0x00000002   PAD
    0x08009f68   0x08009f68   0x00000046   Code   RO         1565    .text.prvResetNextTaskUnblockTime  tasks.o
    0x08009fae   0x08009fae   0x00000002   PAD
    0x08009fb0   0x08009fb0   0x00000044   Code   RO         1752    .text.prvSampleTimeNow  timers.o
    0x08009ff4   0x08009ff4   0x000000d4   Code   RO         1756    .text.prvSwitchTimerLists  timers.o
    0x0800a0c8   0x0800a0c8   0x00000030   Code   RO         1641    .text.prvTaskCheckFreeStackSpace  tasks.o
    0x0800a0f8   0x0800a0f8   0x0000004c   Code   RO         1989    .text.prvTaskExitError  port.o
    0x0800a144   0x0800a144   0x0000001e   Code   RO         1710    .text.prvTimerTask  timers.o
    0x0800a162   0x0800a162   0x00000002   PAD
    0x0800a164   0x0800a164   0x000000ae   Code   RO         1442    .text.prvUnlockQueue  queue.o
    0x0800a212   0x0800a212   0x00000002   PAD
    0x0800a214   0x0800a214   0x000001ec   Code   RO         1956    .text.pvPortMalloc  heap_4.o
    0x0800a400   0x0800a400   0x0000005e   Code   RO         1987    .text.pxPortInitialiseStack  port.o
    0x0800a45e   0x0800a45e   0x00000002   PAD
    0x0800a460   0x0800a460   0x00000044   Code   RO         2072    .text.usart3_printf  printf_dma.o
    0x0800a4a4   0x0800a4a4   0x00000048   Code   RO         1399    .text.uxListRemove  list.o
    0x0800a4ec   0x0800a4ec   0x00000038   Code   RO         1643    .text.uxTaskGetStackHighWaterMark  tasks.o
    0x0800a524   0x0800a524   0x0000002a   Code   RO         1937    .text.vApplicationGetIdleTaskMemory  cmsis_os2.o
    0x0800a54e   0x0800a54e   0x00000002   PAD
    0x0800a550   0x0800a550   0x0000002a   Code   RO         1939    .text.vApplicationGetTimerTaskMemory  cmsis_os2.o
    0x0800a57a   0x0800a57a   0x00000002   PAD
    0x0800a57c   0x0800a57c   0x0000002e   Code   RO         1391    .text.vListInitialise  list.o
    0x0800a5aa   0x0800a5aa   0x00000002   PAD
    0x0800a5ac   0x0800a5ac   0x0000000e   Code   RO         1393    .text.vListInitialiseItem  list.o
    0x0800a5ba   0x0800a5ba   0x00000002   PAD
    0x0800a5bc   0x0800a5bc   0x0000006a   Code   RO         1397    .text.vListInsert   list.o
    0x0800a626   0x0800a626   0x00000002   PAD
    0x0800a628   0x0800a628   0x0000003a   Code   RO         1395    .text.vListInsertEnd  list.o
    0x0800a662   0x0800a662   0x00000002   PAD
    0x0800a664   0x0800a664   0x00000014   Code   RO         1997    .text.vPortEnableVFP  port.o
    0x0800a678   0x0800a678   0x00000056   Code   RO         2003    .text.vPortEnterCritical  port.o
    0x0800a6ce   0x0800a6ce   0x00000002   PAD
    0x0800a6d0   0x0800a6d0   0x0000004a   Code   RO         2005    .text.vPortExitCritical  port.o
    0x0800a71a   0x0800a71a   0x00000002   PAD
    0x0800a71c   0x0800a71c   0x000000ce   Code   RO         1962    .text.vPortFree     heap_4.o
    0x0800a7ea   0x0800a7ea   0x00000002   PAD
    0x0800a7ec   0x0800a7ec   0x00000044   Code   RO         1995    .text.vPortSetupTimerInterrupt  port.o
    0x0800a830   0x0800a830   0x00000084   Code   RO         2011    .text.vPortValidateInterruptPriority  port.o
    0x0800a8b4   0x0800a8b4   0x00000052   Code   RO         1482    .text.vQueueAddToRegistry  queue.o
    0x0800a906   0x0800a906   0x00000002   PAD
    0x0800a908   0x0800a908   0x00000064   Code   RO         1486    .text.vQueueWaitForMessageRestricted  queue.o
    0x0800a96c   0x0800a96c   0x0000006e   Code   RO         1575    .text.vTaskDelay    tasks.o
    0x0800a9da   0x0800a9da   0x00000002   PAD
    0x0800a9dc   0x0800a9dc   0x00000024   Code   RO         1629    .text.vTaskInternalSetTimeOutState  tasks.o
    0x0800aa00   0x0800aa00   0x0000000e   Code   RO         1633    .text.vTaskMissedYield  tasks.o
    0x0800aa0e   0x0800aa0e   0x00000002   PAD
    0x0800aa10   0x0800aa10   0x00000042   Code   RO         1617    .text.vTaskPlaceOnEventList  tasks.o
    0x0800aa52   0x0800aa52   0x00000002   PAD
    0x0800aa54   0x0800aa54   0x00000052   Code   RO         1621    .text.vTaskPlaceOnEventListRestricted  tasks.o
    0x0800aaa6   0x0800aaa6   0x00000002   PAD
    0x0800aaa8   0x0800aaa8   0x000000e0   Code   RO         1595    .text.vTaskStartScheduler  tasks.o
    0x0800ab88   0x0800ab88   0x00000010   Code   RO         1569    .text.vTaskSuspendAll  tasks.o
    0x0800ab98   0x0800ab98   0x000000c6   Code   RO         1587    .text.vTaskSwitchContext  tasks.o
    0x0800ac5e   0x0800ac5e   0x00000002   PAD
    0x0800ac60   0x0800ac60   0x00000156   Code   RO         1993    .text.xPortStartScheduler  port.o
    0x0800adb6   0x0800adb6   0x00000002   PAD
    0x0800adb8   0x0800adb8   0x0000003c   Code   RO         2009    .text.xPortSysTickHandler  port.o
    0x0800adf4   0x0800adf4   0x0000010e   Code   RO         1410    .text.xQueueGenericCreateStatic  queue.o
    0x0800af02   0x0800af02   0x00000002   PAD
    0x0800af04   0x0800af04   0x000000ba   Code   RO         1408    .text.xQueueGenericReset  queue.o
    0x0800afbe   0x0800afbe   0x00000002   PAD
    0x0800afc0   0x0800afc0   0x0000022c   Code   RO         1428    .text.xQueueGenericSend  queue.o
    0x0800b1ec   0x0800b1ec   0x0000014c   Code   RO         1444    .text.xQueueGenericSendFromISR  queue.o
    0x0800b338   0x0800b338   0x000001dc   Code   RO         1448    .text.xQueueReceive  queue.o
    0x0800b514   0x0800b514   0x000000cc   Code   RO         1631    .text.xTaskCheckForTimeOut  tasks.o
    0x0800b5e0   0x0800b5e0   0x0000009e   Code   RO         1559    .text.xTaskCreate   tasks.o
    0x0800b67e   0x0800b67e   0x00000002   PAD
    0x0800b680   0x0800b680   0x000000ce   Code   RO         1553    .text.xTaskCreateStatic  tasks.o
    0x0800b74e   0x0800b74e   0x00000002   PAD
    0x0800b750   0x0800b750   0x00000038   Code   RO         1647    .text.xTaskGetSchedulerState  tasks.o
    0x0800b788   0x0800b788   0x00000014   Code   RO         1603    .text.xTaskGetTickCount  tasks.o
    0x0800b79c   0x0800b79c   0x000001c4   Code   RO         1601    .text.xTaskIncrementTick  tasks.o
    0x0800b960   0x0800b960   0x000000ec   Code   RO         1651    .text.xTaskPriorityDisinherit  tasks.o
    0x0800ba4c   0x0800ba4c   0x000000ce   Code   RO         1623    .text.xTaskRemoveFromEventList  tasks.o
    0x0800bb1a   0x0800bb1a   0x00000002   PAD
    0x0800bb1c   0x0800bb1c   0x00000186   Code   RO         1573    .text.xTaskResumeAll  tasks.o
    0x0800bca2   0x0800bca2   0x00000002   PAD
    0x0800bca4   0x0800bca4   0x00000094   Code   RO         1706    .text.xTimerCreateTimerTask  timers.o
    0x0800bd38   0x0800bd38   0x000000b0   Code   RO         1718    .text.xTimerGenericCommand  timers.o
    0x0800bde8   0x0800bde8   0x0000003e   Code   RO         2666    CL$$btod_d2e        c_w.l(btod.o)
    0x0800be26   0x0800be26   0x00000046   Code   RO         2668    CL$$btod_d2e_denorm_low  c_w.l(btod.o)
    0x0800be6c   0x0800be6c   0x00000060   Code   RO         2667    CL$$btod_d2e_norm_op1  c_w.l(btod.o)
    0x0800becc   0x0800becc   0x00000338   Code   RO         2676    CL$$btod_div_common  c_w.l(btod.o)
    0x0800c204   0x0800c204   0x000000dc   Code   RO         2673    CL$$btod_e2e        c_w.l(btod.o)
    0x0800c2e0   0x0800c2e0   0x0000002a   Code   RO         2670    CL$$btod_ediv       c_w.l(btod.o)
    0x0800c30a   0x0800c30a   0x0000002a   Code   RO         2669    CL$$btod_emul       c_w.l(btod.o)
    0x0800c334   0x0800c334   0x00000244   Code   RO         2675    CL$$btod_mult_common  c_w.l(btod.o)
    0x0800c578   0x0800c578   0x00000030   Code   RO         2722    i.__ARM_fpclassify  m_wm.l(fpclassify.o)
    0x0800c5a8   0x0800c5a8   0x0000000e   Code   RO         2426    i._is_digit         c_w.l(__printf_wp.o)
    0x0800c5b6   0x0800c5b6   0x00000002   PAD
    0x0800c5b8   0x0800c5b8   0x0000002c   Code   RO         2691    locale$$code        c_w.l(lc_numeric_c.o)
    0x0800c5e4   0x0800c5e4   0x0000002c   Code   RO         2731    locale$$code        c_w.l(lc_ctype_c.o)
    0x0800c610   0x0800c610   0x0000005e   Code   RO         2238    x$fpl$dfix          fz_wm.l(dfix.o)
    0x0800c66e   0x0800c66e   0x0000002e   Code   RO         2243    x$fpl$dflt          fz_wm.l(dflt_clz.o)
    0x0800c69c   0x0800c69c   0x00000154   Code   RO         2248    x$fpl$dmul          fz_wm.l(dmul.o)
    0x0800c7f0   0x0800c7f0   0x0000009c   Code   RO         2512    x$fpl$dnaninf       fz_wm.l(dnaninf.o)
    0x0800c88c   0x0800c88c   0x0000000c   Code   RO         2514    x$fpl$dretinf       fz_wm.l(dretinf.o)
    0x0800c898   0x0800c898   0x0000001a   Code   RO         2618    x$fpl$fpinit        fz_wm.l(fpinit.o)
    0x0800c8b2   0x0800c8b2   0x00000004   Code   RO         2516    x$fpl$printf1       fz_wm.l(printf1.o)
    0x0800c8b6   0x0800c8b6   0x00000004   Code   RO         2518    x$fpl$printf2       fz_wm.l(printf2.o)
    0x0800c8ba   0x0800c8ba   0x00000000   Code   RO         2524    x$fpl$usenofp       fz_wm.l(usenofp.o)
    0x0800c8ba   0x0800c8ba   0x00000002   PAD
    0x0800c8bc   0x0800c8bc   0x00000008   Data   RO         2385    .constdata          c_w.l(_printf_wctomb.o)
    0x0800c8c4   0x0800c8c4   0x00000028   Data   RO         2414    .constdata          c_w.l(_printf_hex_int_ll_ptr.o)
    0x0800c8ec   0x0800c8ec   0x00000011   Data   RO         2434    .constdata          c_w.l(__printf_flags_ss_wp.o)
    0x0800c8fd   0x0800c8fd   0x00000026   Data   RO         2599    .constdata          c_w.l(_printf_fp_hex.o)
    0x0800c923   0x0800c923   0x00000001   PAD
    0x0800c924   0x0800c924   0x00000094   Data   RO         2664    .constdata          c_w.l(bigflt0.o)
    0x0800c9b8   0x0800c9b8   0x00000010   Data   RO         1344    .rodata.AHBPrescTable  system_stm32f4xx.o
    0x0800c9c8   0x0800c9c8   0x00000008   Data   RO         1345    .rodata.APBPrescTable  system_stm32f4xx.o
    0x0800c9d0   0x0800c9d0   0x00000024   Data   RO           62    .rodata.ArrowLED1_attributes  freertos.o
    0x0800c9f4   0x0800c9f4   0x00000024   Data   RO           64    .rodata.ArrowLED2_attributes  freertos.o
    0x0800ca18   0x0800ca18   0x00000024   Data   RO           66    .rodata.ArrowLED3_attributes  freertos.o
    0x0800ca3c   0x0800ca3c   0x00000024   Data   RO           67    .rodata.ArrowLED4_attributes  freertos.o
    0x0800ca60   0x0800ca60   0x00000024   Data   RO           68    .rodata.ArrowLED5_attributes  freertos.o
    0x0800ca84   0x0800ca84   0x00000024   Data   RO           72    .rodata.CAN_handle_attributes  freertos.o
    0x0800caa8   0x0800caa8   0x00000008   Data   RO          580    .rodata.DMA_CalcBaseAndBitshift.flagBitshiftOffset  stm32f4xx_hal_dma.o
    0x0800cab0   0x0800cab0   0x00000024   Data   RO           73    .rodata.MainControl_attributes  freertos.o
    0x0800cad4   0x0800cad4   0x00000024   Data   RO           63    .rodata.U_shapeLED1_attributes  freertos.o
    0x0800caf8   0x0800caf8   0x00000024   Data   RO           65    .rodata.U_shapeLED2_attributes  freertos.o
    0x0800cb1c   0x0800cb1c   0x00000024   Data   RO           69    .rodata.U_shapeLED3_attributes  freertos.o
    0x0800cb40   0x0800cb40   0x00000024   Data   RO           70    .rodata.U_shapeLED4_attributes  freertos.o
    0x0800cb64   0x0800cb64   0x00000024   Data   RO           71    .rodata.U_shapeLED5_attributes  freertos.o
    0x0800cb88   0x0800cb88   0x00000085   Data   RO           61    .rodata.str1.1      freertos.o
    0x0800cc0d   0x0800cc0d   0x00000005   Data   RO         1691    .rodata.str1.1      tasks.o
    0x0800cc12   0x0800cc12   0x0000000d   Data   RO         1761    .rodata.str1.1      timers.o
    0x0800cc1f   0x0800cc1f   0x00000006   Data   RO         2105    .rodata.str1.1      uart3_callback.o
    0x0800cc25   0x0800cc25   0x00000003   PAD
    0x0800cc28   0x0800cc28   0x00000020   Data   RO         2794    Region$$Table       anon$$obj.o
    0x0800cc48   0x0800cc48   0x0000001c   Data   RO         2690    locale$$data        c_w.l(lc_numeric_c.o)
    0x0800cc64   0x0800cc64   0x00000110   Data   RO         2730    locale$$data        c_w.l(lc_ctype_c.o)
    0x0800cd74   0x0800cd74   0x00000004   Data   RO         2179    .init_array         ws2812_control.o
    0x0800cd78   0x0800cd74   0x00000000   Data   RO         2233    .init_array         c_w.l(init_aeabi.o)


    Execution Region RW_IRAM2 (Exec base: 0x10000000, Load base: 0x0800cd88, Size: 0x00000000, Max: 0x00010000, ABSOLUTE)

    **** No section assigned to this execution region ****


    Execution Region RW_IRAM1 (Exec base: 0x20000000, Load base: 0x0800cd78, Size: 0x00007540, Max: 0x00030000, ABSOLUTE)

    Exec Addr    Load Addr    Size         Type   Attr      Idx    E Section Name        Object

    0x20000000   0x0800cd78   0x00000004   Data   RW         1343    .data.SystemCoreClock  system_stm32f4xx.o
    0x20000004   0x0800cd7c   0x00000001   Data   RW         2095    .data._ZL20CAN1_Tx_Message_Flag  can_handle.o
    0x20000005   0x0800cd7d   0x00000001   Data   RW          784    .data.uwTickFreq    stm32f4xx_hal.o
    0x20000006   0x0800cd7e   0x00000002   PAD
    0x20000008   0x0800cd80   0x00000004   Data   RW          783    .data.uwTickPrio    stm32f4xx_hal.o
    0x2000000c   0x0800cd84   0x00000004   Data   RW         2015    .data.uxCriticalNesting  port.o
    0x20000010        -       0x00000060   Zero   RW         2637    .bss                c_w.l(libspace.o)
    0x20000070        -       0x00000004   Zero   RW           74    .bss.ArrowLED1Handle  freertos.o
    0x20000074        -       0x00000004   Zero   RW           76    .bss.ArrowLED2Handle  freertos.o
    0x20000078        -       0x00000004   Zero   RW           78    .bss.ArrowLED3Handle  freertos.o
    0x2000007c        -       0x00000004   Zero   RW           79    .bss.ArrowLED4Handle  freertos.o
    0x20000080        -       0x00000004   Zero   RW           80    .bss.ArrowLED5Handle  freertos.o
    0x20000084        -       0x00000144   Zero   RW         2169    .bss.Arrow_LED1     ws2812_control.o
    0x200001c8        -       0x00000144   Zero   RW         2171    .bss.Arrow_LED2     ws2812_control.o
    0x2000030c        -       0x00000144   Zero   RW         2173    .bss.Arrow_LED3     ws2812_control.o
    0x20000450        -       0x00000144   Zero   RW         2175    .bss.Arrow_LED4     ws2812_control.o
    0x20000594        -       0x00000144   Zero   RW         2177    .bss.Arrow_LED5     ws2812_control.o
    0x200006d8        -       0x00000004   Zero   RW           84    .bss.CAN_handleHandle  freertos.o
    0x200006dc        -       0x00000005   Zero   RW         2166    .bss.Control_flag   ws2812_control.o
    0x200006e1        -       0x00000001   Zero   RW         2093    .bss.DataReceived   can_handle.o
    0x200006e2        -       0x00000005   Zero   RW         2167    .bss.ID_setNUM      ws2812_control.o
    0x200006e7        -       0x00000001   Zero   RW         2202    .bss.Is_IDsetMode   main_control_task.o
    0x200006e8        -       0x00000005   Zero   RW         2203    .bss.Is_startUP     main_control_task.o
    0x200006ed   0x0800cd88   0x00000003   PAD
    0x200006f0        -       0x00000004   Zero   RW         1943    .bss.KernelState    cmsis_os2.o
    0x200006f4        -       0x00000004   Zero   RW           85    .bss.MainControlHandle  freertos.o
    0x200006f8        -       0x00000001   Zero   RW         2094    .bss.ReceivedNUM    can_handle.o
    0x200006f9        -       0x00000001   Zero   RW         2092    .bss.StartUP        can_handle.o
    0x200006fa   0x0800cd88   0x00000006   PAD
    0x20000700        -       0x00000008   Zero   RW         2201    .bss.TIM6_tick      main_control_task.o
    0x20000708        -       0x00000004   Zero   RW           75    .bss.U_shapeLED1Handle  freertos.o
    0x2000070c        -       0x00000004   Zero   RW           77    .bss.U_shapeLED2Handle  freertos.o
    0x20000710        -       0x00000004   Zero   RW           81    .bss.U_shapeLED3Handle  freertos.o
    0x20000714        -       0x00000004   Zero   RW           82    .bss.U_shapeLED4Handle  freertos.o
    0x20000718        -       0x00000004   Zero   RW           83    .bss.U_shapeLED5Handle  freertos.o
    0x2000071c        -       0x00000144   Zero   RW         2170    .bss.U_shape_LED1   ws2812_control.o
    0x20000860        -       0x00000144   Zero   RW         2172    .bss.U_shape_LED2   ws2812_control.o
    0x200009a4        -       0x00000144   Zero   RW         2174    .bss.U_shape_LED3   ws2812_control.o
    0x20000ae8        -       0x00000144   Zero   RW         2176    .bss.U_shape_LED4   ws2812_control.o
    0x20000c2c        -       0x00000144   Zero   RW         2178    .bss.U_shape_LED5   ws2812_control.o
    0x20000d70        -       0x00000004   Zero   RW         2542    .bss.__cxa_new_handler  libcppabi_w.l(cxa_handlers.cpp.o)
    0x20000d74        -       0x00000032   Zero   RW         2074    .bss._dbg_TXBuff    printf_dma.o
    0x20000da6        -       0x00000014   Zero   RW         2091    .bss.blades         can_handle.o
    0x20000dba        -       0x00000001   Zero   RW         2199    .bss.fan_OK_count   main_control_task.o
    0x20000dbb   0x0800cd88   0x00000001   PAD
    0x20000dbc        -       0x00000028   Zero   RW           99    .bss.hcan1          can.o
    0x20000de4        -       0x00000008   Zero   RW          113    .bss.hcrc           crc.o
    0x20000dec        -       0x00000060   Zero   RW          171    .bss.hdma_tim1_ch1  tim.o
    0x20000e4c        -       0x00000060   Zero   RW          172    .bss.hdma_tim1_ch3  tim.o
    0x20000eac        -       0x00000060   Zero   RW          173    .bss.hdma_tim2_ch2_ch4  tim.o
    0x20000f0c        -       0x00000060   Zero   RW          180    .bss.hdma_tim4_ch3  tim.o
    0x20000f6c        -       0x00000060   Zero   RW          176    .bss.hdma_tim5_ch1  tim.o
    0x20000fcc        -       0x00000060   Zero   RW          174    .bss.hdma_tim5_ch3_up  tim.o
    0x2000102c        -       0x00000060   Zero   RW          175    .bss.hdma_tim5_ch4_trig  tim.o
    0x2000108c        -       0x00000060   Zero   RW          179    .bss.hdma_tim8_ch1  tim.o
    0x200010ec        -       0x00000060   Zero   RW          177    .bss.hdma_tim8_ch3  tim.o
    0x2000114c        -       0x00000060   Zero   RW          178    .bss.hdma_tim8_ch4_trig_com  tim.o
    0x200011ac        -       0x00000060   Zero   RW          195    .bss.hdma_usart3_rx  usart.o
    0x2000120c        -       0x00000060   Zero   RW          196    .bss.hdma_usart3_tx  usart.o
    0x2000126c        -       0x00000010   Zero   RW          135    .bss.hrng           rng.o
    0x2000127c        -       0x00000048   Zero   RW          165    .bss.htim1          tim.o
    0x200012c4        -       0x00000048   Zero   RW          269    .bss.htim14         stm32f4xx_hal_timebase_tim.o
    0x2000130c        -       0x00000048   Zero   RW          166    .bss.htim2          tim.o
    0x20001354        -       0x00000048   Zero   RW          167    .bss.htim4          tim.o
    0x2000139c        -       0x00000048   Zero   RW          168    .bss.htim5          tim.o
    0x200013e4        -       0x00000048   Zero   RW          169    .bss.htim6          tim.o
    0x2000142c        -       0x00000048   Zero   RW          170    .bss.htim8          tim.o
    0x20001474        -       0x00000044   Zero   RW          194    .bss.huart3         usart.o
    0x200014b8        -       0x00000005   Zero   RW         2200    .bss.knock          main_control_task.o
    0x200014bd   0x0800cd88   0x00000003   PAD
    0x200014c0        -       0x00000008   Zero   RW         2205    .bss.last_tick      main_control_task.o
    0x200014c8        -       0x000000a0   Zero   RW         1769    .bss.prvCheckForValidListAndQueue.ucStaticTimerQueueStorage  timers.o
    0x20001568        -       0x00000050   Zero   RW         1768    .bss.prvCheckForValidListAndQueue.xStaticTimerQueue  timers.o
    0x200015b8        -       0x00000004   Zero   RW         1765    .bss.prvSampleTimeNow.xLastTime  timers.o
    0x200015bc        -       0x00000004   Zero   RW         1677    .bss.pxCurrentTCB   tasks.o
    0x200015c0        -       0x00000004   Zero   RW         1763    .bss.pxCurrentTimerList  timers.o
    0x200015c4        -       0x00000004   Zero   RW         1685    .bss.pxDelayedTaskList  tasks.o
    0x200015c8        -       0x00000004   Zero   RW         1972    .bss.pxEnd          heap_4.o
    0x200015cc        -       0x00000004   Zero   RW         1686    .bss.pxOverflowDelayedTaskList  tasks.o
    0x200015d0        -       0x00000004   Zero   RW         1764    .bss.pxOverflowTimerList  timers.o
    0x200015d4        -       0x00000460   Zero   RW         1688    .bss.pxReadyTasksLists  tasks.o
    0x20001a34        -       0x00000028   Zero   RW         2168    .bss.stack_size     ws2812_control.o
    0x20001a5c        -       0x00000001   Zero   RW         2204    .bss.time_started   main_control_task.o
    0x20001a5d        -       0x00003c00   Zero   RW         1979    .bss.ucHeap         heap_4.o
    0x2000565d        -       0x00000001   Zero   RW         2013    .bss.ucMaxSysCallPriority  port.o
    0x2000565e   0x0800cd88   0x00000002   PAD
    0x20005660        -       0x00000004   Zero   RW         2014    .bss.ulMaxPRIGROUPValue  port.o
    0x20005664        -       0x00000004   Zero   RW          785    .bss.uwTick         stm32f4xx_hal.o
    0x20005668        -       0x00000004   Zero   RW         1681    .bss.uxCurrentNumberOfTasks  tasks.o
    0x2000566c        -       0x00000004   Zero   RW         1680    .bss.uxDeletedTasksWaitingCleanUp  tasks.o
    0x20005670        -       0x00000004   Zero   RW         1683    .bss.uxSchedulerSuspended  tasks.o
    0x20005674        -       0x00000004   Zero   RW         1678    .bss.uxTaskNumber   tasks.o
    0x20005678        -       0x00000004   Zero   RW         1689    .bss.uxTopReadyPriority  tasks.o
    0x2000567c        -       0x00000100   Zero   RW         1946    .bss.vApplicationGetIdleTaskMemory.Idle_Stack  cmsis_os2.o
    0x2000577c        -       0x0000005c   Zero   RW         1945    .bss.vApplicationGetIdleTaskMemory.Idle_TCB  cmsis_os2.o
    0x200057d8        -       0x00000200   Zero   RW         1948    .bss.vApplicationGetTimerTaskMemory.Timer_Stack  cmsis_os2.o
    0x200059d8        -       0x0000005c   Zero   RW         1947    .bss.vApplicationGetTimerTaskMemory.Timer_TCB  cmsis_os2.o
    0x20005a34        -       0x00000014   Zero   RW         1766    .bss.xActiveTimerList1  timers.o
    0x20005a48        -       0x00000014   Zero   RW         1767    .bss.xActiveTimerList2  timers.o
    0x20005a5c        -       0x00000004   Zero   RW         1973    .bss.xBlockAllocatedBit  heap_4.o
    0x20005a60        -       0x00000014   Zero   RW         1697    .bss.xDelayedTaskList1  tasks.o
    0x20005a74        -       0x00000014   Zero   RW         1698    .bss.xDelayedTaskList2  tasks.o
    0x20005a88        -       0x00000004   Zero   RW         1974    .bss.xFreeBytesRemaining  heap_4.o
    0x20005a8c        -       0x00000004   Zero   RW         1692    .bss.xIdleTaskHandle  tasks.o
    0x20005a90        -       0x00000004   Zero   RW         1976    .bss.xMinimumEverFreeBytesRemaining  heap_4.o
    0x20005a94        -       0x00000004   Zero   RW         1693    .bss.xNextTaskUnblockTime  tasks.o
    0x20005a98        -       0x00000004   Zero   RW         1696    .bss.xNumOfOverflows  tasks.o
    0x20005a9c        -       0x00000004   Zero   RW         1977    .bss.xNumberOfSuccessfulAllocations  heap_4.o
    0x20005aa0        -       0x00000004   Zero   RW         1978    .bss.xNumberOfSuccessfulFrees  heap_4.o
    0x20005aa4        -       0x00000004   Zero   RW         1695    .bss.xPendedTicks   tasks.o
    0x20005aa8        -       0x00000014   Zero   RW         1690    .bss.xPendingReadyList  tasks.o
    0x20005abc        -       0x00000040   Zero   RW         1488    .bss.xQueueRegistry  queue.o
    0x20005afc        -       0x00000004   Zero   RW         1682    .bss.xSchedulerRunning  tasks.o
    0x20005b00        -       0x00000008   Zero   RW         1975    .bss.xStart         heap_4.o
    0x20005b08        -       0x00000014   Zero   RW         1687    .bss.xSuspendedTaskList  tasks.o
    0x20005b1c        -       0x00000014   Zero   RW         1679    .bss.xTasksWaitingTermination  tasks.o
    0x20005b30        -       0x00000004   Zero   RW         1684    .bss.xTickCount     tasks.o
    0x20005b34        -       0x00000004   Zero   RW         1760    .bss.xTimerQueue    timers.o
    0x20005b38        -       0x00000004   Zero   RW         1762    .bss.xTimerTaskHandle  timers.o
    0x20005b3c        -       0x00000004   Zero   RW         1694    .bss.xYieldPending  tasks.o
    0x20005b40        -       0x00001200   Zero   RW            2    HEAP                startup_stm32f427xx.o
    0x20006d40        -       0x00000800   Zero   RW            1    STACK               startup_stm32f427xx.o


==============================================================================

Image component sizes


      Code (inc. data)   RO Data    RW Data    ZI Data      Debug   Object Name

       260          0          0          0         40       6155   can.o
       286          0          0          1         23      18855   can_handle.o
        22          0          0          0          0      16511   can_handle_task.o
       744          0          0          0        956      34909   cmsis_os2.o
        98          0          0          0          8       2546   crc.o
       296          0          0          0          0       3510   dma.o
       394          0        565          0         48       4895   freertos.o
       210          0          0          0          0       1623   gpio.o
      1084          0          0          0      15392       4409   heap_4.o
       296          0          0          0          0       2213   list.o
       396          0          0          0          0       5680   main.o
      1022          0          0          0         29      18220   main_control_task.o
      1128         16          0          4          5       3829   port.o
        68          0          0          0         50        972   printf_dma.o
      2604          0          0          0         64      17231   queue.o
        98          0          0          0         16       2500   rng.o
        64         26        428          0       6656        844   startup_stm32f427xx.o
        92          0          0          5          4       7466   stm32f4xx_hal.o
      2712          0          0          0          0      11310   stm32f4xx_hal_can.o
       384          0          0          0          0       9547   stm32f4xx_hal_cortex.o
        64          0          0          0          0       2706   stm32f4xx_hal_crc.o
      1832          8          8          0          0       8462   stm32f4xx_hal_dma.o
      1006          0          0          0          0       5171   stm32f4xx_hal_gpio.o
        88          0          0          0          0       3521   stm32f4xx_hal_msp.o
       190          0          0          0          0       4443   stm32f4xx_hal_pwr_ex.o
      2730          0          0          0          0       7617   stm32f4xx_hal_rcc.o
        86          0          0          0          0       3811   stm32f4xx_hal_rng.o
      5622         42          0          0          0      35746   stm32f4xx_hal_tim.o
       484          0          0          0          0      15250   stm32f4xx_hal_tim_ex.o
       240          0          0          0         72       7268   stm32f4xx_hal_timebase_tim.o
      1234          0          0          0          0      20108   stm32f4xx_hal_uart.o
       290          0          0          0          0       2344   stm32f4xx_it.o
        18          0         24          4          0       2563   system_stm32f4xx.o
      4022          0          5          0       1280      24042   tasks.o
      3458          0          0          0       1392      11869   tim.o
      1692         10         13          0        300      11536   timers.o
        80          0          6          0          0      16552   uart3_callback.o
       388          0          0          0        260       5019   usart.o
      3374         34          0          0          0      25743   ws2812.o
      2790          0          4          0       3290      25190   ws2812_control.o

    ----------------------------------------------------------------------
     42188        148       1088         16      29900     412186   Object Totals
         0          0         32          0          0          0   (incl. Generated)
       242         12          3          2         15          0   (incl. Padding)

    ----------------------------------------------------------------------

      Code (inc. data)   RO Data    RW Data    ZI Data      Debug   Library Member Name

         8          0          0          0          0         68   __main.o
       392          4         17          0          0         92   __printf_flags_ss_wp.o
        14          0          0          0          0         68   __printf_wp.o
         0          0          0          0          0          0   __rtentry.o
        12          0          0          0          0          0   __rtentry2.o
         6          0          0          0          0          0   __rtentry4.o
        52          8          0          0          0          0   __scatter.o
        26          0          0          0          0          0   __scatter_copy.o
        28          0          0          0          0          0   __scatter_zi.o
        72          0          0          0          0         96   _c16rtomb.o
         6          0          0          0          0          0   _printf_a.o
         6          0          0          0          0          0   _printf_c.o
        44          0          0          0          0        108   _printf_char.o
        48          6          0          0          0         96   _printf_char_common.o
        40          0          0          0          0         68   _printf_charcount.o
         6          0          0          0          0          0   _printf_d.o
       120         16          0          0          0         92   _printf_dec.o
         6          0          0          0          0          0   _printf_e.o
         6          0          0          0          0          0   _printf_f.o
      1052          0          0          0          0        148   _printf_fp_dec.o
       764          8         38          0          0        100   _printf_fp_hex.o
       128         16          0          0          0         84   _printf_fp_infnan.o
         6          0          0          0          0          0   _printf_g.o
       148          4         40          0          0        160   _printf_hex_int_ll_ptr.o
         6          0          0          0          0          0   _printf_i.o
       178          0          0          0          0         88   _printf_intcommon.o
        10          0          0          0          0          0   _printf_l.o
         6          0          0          0          0          0   _printf_lc.o
        10          0          0          0          0          0   _printf_ll.o
         6          0          0          0          0          0   _printf_lld.o
         6          0          0          0          0          0   _printf_lli.o
         6          0          0          0          0          0   _printf_llo.o
         6          0          0          0          0          0   _printf_llu.o
         6          0          0          0          0          0   _printf_llx.o
       124         16          0          0          0         92   _printf_longlong_dec.o
         6          0          0          0          0          0   _printf_ls.o
         6          0          0          0          0          0   _printf_n.o
         6          0          0          0          0          0   _printf_o.o
       112          8          0          0          0        124   _printf_oct_int_ll.o
         6          0          0          0          0          0   _printf_p.o
        78          0          0          0          0        108   _printf_pad.o
         0          0          0          0          0          0   _printf_percent.o
         4          0          0          0          0          0   _printf_percent_end.o
         6          0          0          0          0          0   _printf_s.o
        82          0          0          0          0         80   _printf_str.o
        36          0          0          0          0         84   _printf_truncate.o
         6          0          0          0          0          0   _printf_u.o
        44          0          0          0          0        108   _printf_wchar.o
       188          6          8          0          0         92   _printf_wctomb.o
         6          0          0          0          0          0   _printf_x.o
        16          0          0          0          0         68   _snputc.o
        10          0          0          0          0         68   _sputc.o
        16          0          0          0          0         68   aeabi_memset4.o
       228          4        148          0          0         96   bigflt0.o
      1936        128          0          0          0        668   btod.o
        10          0          0          0          0         68   defsig_exit.o
        50          0          0          0          0         88   defsig_general.o
        80         58          0          0          0         76   defsig_rtmem_inner.o
        14          0          0          0          0         80   defsig_rtmem_outer.o
        18          0          0          0          0         80   exit.o
        94          0          0          0          0         80   h1_alloc.o
        52          0          0          0          0         68   h1_extend.o
        78          0          0          0          0         80   h1_free.o
        14          0          0          0          0         84   h1_init.o
         6          0          0          0          0        152   heapauxi.o
         4          0          0          0          0        136   hguard.o
         0          0          0          0          0          0   indicate_semi.o
        36          8          0          0          0         80   init_aeabi.o
       138          0          0          0          0        168   init_alloc.o
        44         10        272          0          0         76   lc_ctype_c.o
        44         10         28          0          0         76   lc_numeric_c.o
         2          0          0          0          0          0   libinit.o
        46          0          0          0          0          0   libinit2.o
         2          0          0          0          0          0   libshutdown.o
         2          0          0          0          0          0   libshutdown2.o
         8          4          0          0         96         68   libspace.o
       138          0          0          0          0         80   lludiv10.o
       240          0          0          0          0        100   lludivv7m.o
         0          0          0          0          0          0   maybetermalloc1.o
        16          4          0          0          0         76   rt_ctype_table.o
         8          4          0          0          0         68   rt_heap_descriptor_intlibspace.o
         8          4          0          0          0         68   rt_locale_intlibspace.o
        68          0          0          0          0         68   rt_memclr.o
        78          0          0          0          0         80   rt_memclr_w.o
       138          0          0          0          0         68   rt_memcpy_v6.o
       100          0          0          0          0         80   rt_memcpy_w.o
         2          0          0          0          0          0   rtexit.o
        10          0          0          0          0          0   rtexit2.o
       124          0          0          0          0         88   strcmpv7em.o
        12          4          0          0          0         68   sys_exit.o
        74          0          0          0          0         80   sys_stackheap_outer.o
        14          0          0          0          0         76   sys_wrch.o
         2          0          0          0          0         68   use_no_semi.o
        52          4          0          0          0         80   vsnprintf.o
        94          4          0          0          0        140   dfix.o
        46          0          0          0          0        116   dflt_clz.o
       340         12          0          0          0        152   dmul.o
       156          4          0          0          0        140   dnaninf.o
        12          0          0          0          0        116   dretinf.o
        26          0          0          0          0        116   fpinit.o
         4          0          0          0          0        116   printf1.o
         4          0          0          0          0        116   printf2.o
         0          0          0          0          0          0   usenofp.o
        42          0          0          0          0        380   new.cpp.o
        12          0          0          0          4        148   cxa_handlers.cpp.o
        48          0          0          0          0        124   fpclassify.o

    ----------------------------------------------------------------------
      8772        354        552          0        100       7196   Library Totals
        16          0          1          0          0          0   (incl. Padding)

    ----------------------------------------------------------------------

      Code (inc. data)   RO Data    RW Data    ZI Data      Debug   Library Name

      7972        334        551          0         96       5532   c_w.l
       682         20          0          0          0       1012   fz_wm.l
        42          0          0          0          0        380   libcpp_w.l
        12          0          0          0          4        148   libcppabi_w.l
        48          0          0          0          0        124   m_wm.l

    ----------------------------------------------------------------------
      8772        354        552          0        100       7196   Library Totals

    ----------------------------------------------------------------------

==============================================================================


      Code (inc. data)   RO Data    RW Data    ZI Data      Debug   

     50960        502       1640         16      30000     414762   Grand Totals
     50960        502       1640         16      30000     414762   ELF Image Totals
     50960        502       1640         16          0          0   ROM Totals

==============================================================================

    Total RO  Size (Code + RO Data)                52600 (  51.37kB)
    Total RW  Size (RW Data + ZI Data)             30016 (  29.31kB)
    Total ROM Size (Code + RO Data + RW Data)      52616 (  51.38kB)

==============================================================================

